Component: ARM Compiler 5.06 update 1 (build 61) Tool: armlink [4d35a8]

==============================================================================

Section Cross References

    main.o(i.main) refers to usart.o(i.USART_Config) for USART_Config
    main.o(i.main) refers to printfb.o(i.__0printf$bare) for __2printf
    main.o(i.main) refers to systick.o(i.SysTick_Init) for SysTick_Init
    main.o(i.main) refers to nvic.o(i.NVIC_Config) for NVIC_Config
    main.o(i.main) refers to button.o(i.BUTTON_Config) for BUTTON_Config
    main.o(i.main) refers to led.o(i.LED_Config) for LED_Config
    main.o(i.main) refers to nrf.o(i.NRF_Config) for NRF_Config
    main.o(i.main) refers to tim_octigr.o(i.TIM_OCTigrConfig) for TIM_OCTigrConfig
    main.o(i.main) refers to adc_dma.o(i.ADC_DmaConfig) for ADC_DmaConfig
    nvic.o(i.NVIC_Config) refers to nvic.o(i.NVIC_EncodePriority) for NVIC_EncodePriority
    nvic.o(i.NVIC_Config) refers to nvic.o(i.NVIC_SetPriority) for NVIC_SetPriority
    systick.o(i.SysTick_Handler) refers to systick.o(.data) for count
    systick.o(i.SysTick_Init) refers to system_stm32f10x.o(.data) for SystemCoreClock
    systick.o(i.delay_ms) refers to systick.o(.data) for count
    systick.o(i.delay_us) refers to systick.o(.data) for count
    led.o(i.LED_Config) refers to stm32f10x_rcc.o(i.RCC_APB2PeriphClockCmd) for RCC_APB2PeriphClockCmd
    led.o(i.LED_Config) refers to stm32f10x_gpio.o(i.GPIO_Init) for GPIO_Init
    led.o(i.LED_Config) refers to led.o(i.LED_Off) for LED_Off
    led.o(i.LED_CyclieOn) refers to led.o(i.LED_On) for LED_On
    led.o(i.LED_CyclieOn) refers to systick.o(i.delay_ms) for delay_ms
    led.o(i.LED_CyclieOn) refers to led.o(i.LED_Off) for LED_Off
    led.o(i.LED_Off) refers to stm32f10x_gpio.o(i.GPIO_SetBits) for GPIO_SetBits
    led.o(i.LED_On) refers to stm32f10x_gpio.o(i.GPIO_ResetBits) for GPIO_ResetBits
    usart.o(i.USART_Config) refers to stm32f10x_rcc.o(i.RCC_APB2PeriphClockCmd) for RCC_APB2PeriphClockCmd
    usart.o(i.USART_Config) refers to stm32f10x_gpio.o(i.GPIO_Init) for GPIO_Init
    usart.o(i.USART_Config) refers to stm32f10x_usart.o(i.USART_Init) for USART_Init
    usart.o(i.USART_Config) refers to stm32f10x_usart.o(i.USART_Cmd) for USART_Cmd
    usart.o(i.fputc) refers to stm32f10x_usart.o(i.USART_SendData) for USART_SendData
    usart.o(i.fputc) refers to stm32f10x_usart.o(i.USART_GetFlagStatus) for USART_GetFlagStatus
    tim_octigr.o(i.TIM_OCTigrConfig) refers to stm32f10x_rcc.o(i.RCC_APB1PeriphClockCmd) for RCC_APB1PeriphClockCmd
    tim_octigr.o(i.TIM_OCTigrConfig) refers to stm32f10x_tim.o(i.TIM_TimeBaseInit) for TIM_TimeBaseInit
    tim_octigr.o(i.TIM_OCTigrConfig) refers to stm32f10x_tim.o(i.TIM_OC4Init) for TIM_OC4Init
    tim_octigr.o(i.TIM_OCTigrConfig) refers to stm32f10x_tim.o(i.TIM_ARRPreloadConfig) for TIM_ARRPreloadConfig
    tim_octigr.o(i.TIM_OCTigrConfig) refers to stm32f10x_tim.o(i.TIM_OC4PreloadConfig) for TIM_OC4PreloadConfig
    tim_octigr.o(i.TIM_OCTigrConfig) refers to stm32f10x_tim.o(i.TIM_Cmd) for TIM_Cmd
    adc_dma.o(i.ADC_DmaConfig) refers to stm32f10x_rcc.o(i.RCC_AHBPeriphClockCmd) for RCC_AHBPeriphClockCmd
    adc_dma.o(i.ADC_DmaConfig) refers to stm32f10x_dma.o(i.DMA_Init) for DMA_Init
    adc_dma.o(i.ADC_DmaConfig) refers to stm32f10x_dma.o(i.DMA_ITConfig) for DMA_ITConfig
    adc_dma.o(i.ADC_DmaConfig) refers to stm32f10x_dma.o(i.DMA_Cmd) for DMA_Cmd
    adc_dma.o(i.ADC_DmaConfig) refers to stm32f10x_rcc.o(i.RCC_APB2PeriphClockCmd) for RCC_APB2PeriphClockCmd
    adc_dma.o(i.ADC_DmaConfig) refers to stm32f10x_gpio.o(i.GPIO_Init) for GPIO_Init
    adc_dma.o(i.ADC_DmaConfig) refers to stm32f10x_adc.o(i.ADC_Init) for ADC_Init
    adc_dma.o(i.ADC_DmaConfig) refers to stm32f10x_adc.o(i.ADC_Cmd) for ADC_Cmd
    adc_dma.o(i.ADC_DmaConfig) refers to stm32f10x_adc.o(i.ADC_DMACmd) for ADC_DMACmd
    adc_dma.o(i.ADC_DmaConfig) refers to stm32f10x_rcc.o(i.RCC_ADCCLKConfig) for RCC_ADCCLKConfig
    adc_dma.o(i.ADC_DmaConfig) refers to stm32f10x_adc.o(i.ADC_RegularChannelConfig) for ADC_RegularChannelConfig
    adc_dma.o(i.ADC_DmaConfig) refers to stm32f10x_adc.o(i.ADC_ResetCalibration) for ADC_ResetCalibration
    adc_dma.o(i.ADC_DmaConfig) refers to stm32f10x_adc.o(i.ADC_GetCalibrationStatus) for ADC_GetCalibrationStatus
    adc_dma.o(i.ADC_DmaConfig) refers to stm32f10x_adc.o(i.ADC_StartCalibration) for ADC_StartCalibration
    adc_dma.o(i.ADC_DmaConfig) refers to stm32f10x_adc.o(i.ADC_ExternalTrigConvCmd) for ADC_ExternalTrigConvCmd
    adc_dma.o(i.ADC_DmaConfig) refers to adc_dma.o(.data) for ADC_ConvertedValue
    button.o(i.BUTTON_Config) refers to stm32f10x_rcc.o(i.RCC_APB2PeriphClockCmd) for RCC_APB2PeriphClockCmd
    button.o(i.BUTTON_Config) refers to stm32f10x_gpio.o(i.GPIO_Init) for GPIO_Init
    button.o(i.BUTTON_Config) refers to stm32f10x_exti.o(i.EXTI_Init) for EXTI_Init
    button.o(i.BUTTON_Config) refers to stm32f10x_gpio.o(i.GPIO_EXTILineConfig) for GPIO_EXTILineConfig
[...]
    startup_stm32f10x_md.o(RESET) refers to startup_stm32f10x_md.o(.text) for Reset_Handler
    startup_stm32f10x_md.o(RESET) refers to systick.o(i.SysTick_Handler) for SysTick_Handler
    startup_stm32f10x_md.o(RESET) refers to nrf.o(i.EXTI1_IRQHandler) for EXTI1_IRQHandler
    startup_stm32f10x_md.o(RESET) refers to senddata.o(i.DMA1_Channel1_IRQHandler) for DMA1_Channel1_IRQHandler
    startup_stm32f10x_md.o(RESET) refers to senddata.o(i.EXTI15_10_IRQHandler) for EXTI15_10_IRQHandler
    startup_stm32f10x_md.o(.text) refers to system_stm32f10x.o(i.SystemInit) for SystemInit
    startup_stm32f10x_md.o(.text) refers to entry.o(.ARM.Collect$$$$00000000) for __main
    system_stm32f10x.o(i.SetSysClock) refers to system_stm32f10x.o(i.SetSysClockTo72) for SetSysClockTo72
    system_stm32f10x.o(i.SystemCoreClockUpdate) refers to system_stm32f10x.o(.data) for SystemCoreClock
    system_stm32f10x.o(i.SystemInit) refers to system_stm32f10x.o(i.SetSysClock) for SetSysClock
    entry.o(.ARM.Collect$$$$00000000) refers (Special) to entry10a.o(.ARM.Collect$$$$0000000D) for __rt_final_cpp
    entry.o(.ARM.Collect$$$$00000000) refers (Special) to entry11a.o(.ARM.Collect$$$$0000000F) for __rt_final_exit
    entry.o(.ARM.Collect$$$$00000000) refers (Special) to entry7b.o(.ARM.Collect$$$$00000008) for _main_clock
    entry.o(.ARM.Collect$$$$00000000) refers (Special) to entry8b.o(.ARM.Collect$$$$0000000A) for _main_cpp_init
    entry.o(.ARM.Collect$$$$00000000) refers (Special) to entry9a.o(.ARM.Collect$$$$0000000B) for _main_init
    entry.o(.ARM.Collect$$$$00000000) refers (Special) to entry5.o(.ARM.Collect$$$$00000004) for _main_scatterload
    entry.o(.ARM.Collect$$$$00000000) refers (Special) to entry2.o(.ARM.Collect$$$$00000001) for _main_stk
    printfb.o(i.__0fprintf$bare) refers to printfb.o(i._printf_core) for _printf_core
    printfb.o(i.__0fprintf$bare) refers to usart.o(i.fputc) for fputc
    printfb.o(i.__0printf$bare) refers to printfb.o(i._printf_core) for _printf_core
    printfb.o(i.__0printf$bare) refers to usart.o(i.fputc) for fputc
    printfb.o(i.__0printf$bare) refers to stdout.o(.data) for __stdout
    printfb.o(i.__0snprintf$bare) refers to printfb.o(i._printf_core) for _printf_core
    printfb.o(i.__0snprintf$bare) refers to printfb.o(i._snputc) for _snputc
    printfb.o(i.__0sprintf$bare) refers to printfb.o(i._printf_core) for _printf_core
    printfb.o(i.__0sprintf$bare) refers to printfb.o(i._sputc) for _sputc
    printfb.o(i.__0vfprintf$bare) refers to printfb.o(i._printf_core) for _printf_core
    printfb.o(i.__0vfprintf$bare) refers to usart.o(i.fputc) for fputc
    printfb.o(i.__0vprintf$bare) refers to printfb.o(i._printf_core) for _printf_core
    printfb.o(i.__0vprintf$bare) refers to usart.o(i.fputc) for fputc
    printfb.o(i.__0vprintf$bare) refers to stdout.o(.data) for __stdout
    printfb.o(i.__0vsnprintf$bare) refers to printfb.o(i._printf_core) for _printf_core
    printfb.o(i.__0vsnprintf$bare) refers to printfb.o(i._snputc) for _snputc
    printfb.o(i.__0vsprintf$bare) refers to printfb.o(i._printf_core) for _printf_core
    printfb.o(i.__0vsprintf$bare) refers to printfb.o(i._sputc) for _sputc
    printf0.o(i.__0fprintf$0) refers to printf0.o(i._printf_core) for _printf_core
    printf0.o(i.__0fprintf$0) refers to usart.o(i.fputc) for fputc
    printf0.o(i.__0printf$0) refers to printf0.o(i._printf_core) for _printf_core
    printf0.o(i.__0printf$0) refers to usart.o(i.fputc) for fputc
    printf0.o(i.__0printf$0) refers to stdout.o(.data) for __stdout
    printf0.o(i.__0snprintf$0) refers to printf0.o(i._printf_core) for _printf_core
    printf0.o(i.__0snprintf$0) refers to printf0.o(i._snputc) for _snputc
    printf0.o(i.__0sprintf$0) refers to printf0.o(i._printf_core) for _printf_core
    printf0.o(i.__0sprintf$0) refers to printf0.o(i._sputc) for _sputc
    printf0.o(i.__0vfprintf$0) refers to printf0.o(i._printf_core) for _printf_core
    printf0.o(i.__0vfprintf$0) refers to usart.o(i.fputc) for fputc
    printf0.o(i.__0vprintf$0) refers to printf0.o(i._printf_core) for _printf_core
    printf0.o(i.__0vprintf$0) refers to usart.o(i.fputc) for fputc
    printf0.o(i.__0vprintf$0) refers to stdout.o(.data) for __stdout
    printf0.o(i.__0vsnprintf$0) refers to printf0.o(i._printf_core) for _printf_core
    printf0.o(i.__0vsnprintf$0) refers to printf0.o(i._snputc) for _snputc
    printf0.o(i.__0vsprintf$0) refers to printf0.o(i._printf_core) for _printf_core
    printf0.o(i.__0vsprintf$0) refers to printf0.o(i._sputc) for _sputc
    printf1.o(i.__0fprintf$1) refers to printf1.o(i._printf_core) for _printf_core
    printf1.o(i.__0fprintf$1) refers to usart.o(i.fputc) for fputc
    printf1.o(i.__0printf$1) refers to printf1.o(i._printf_core) for _printf_core
    printf1.o(i.__0printf$1) refers to usart.o(i.fputc) for fputc
    printf1.o(i.__0printf$1) refers to stdout.o(.data) for __stdout
    printf1.o(i.__0snprintf$1) refers to printf1.o(i._printf_core) for _printf_core
    printf1.o(i.__0snprintf$1) refers to printf1.o(i._snputc) for _snputc
    printf1.o(i.__0sprintf$1) refers to printf1.o(i._printf_core) for _printf_core
    printf1.o(i.__0sprintf$1) refers to printf1.o(i._sputc) for _sputc
    printf1.o(i.__0vfprintf$1) refers to printf1.o(i._printf_core) for _printf_core
    printf1.o(i.__0vfprintf$1) refers to usart.o(i.fputc) for fputc
    printf1.o(i.__0vprintf$1) refers to printf1.o(i._printf_core) for _printf_core
    printf1.o(i.__0vprintf$1) refers to usart.o(i.fputc) for fputc
    printf1.o(i.__0vprintf$1) refers to stdout.o(.data) for __stdout
    printf1.o(i.__0vsnprintf$1) refers to printf1.o(i._printf_core) for _printf_core
    printf1.o(i.__0vsnprintf$1) refers to printf1.o(i._snputc) for _snputc
    printf1.o(i.__0vsprintf$1) refers to printf1.o(i._printf_core) for _printf_core
    printf1.o(i.__0vsprintf$1) refers to printf1.o(i._sputc) for _sputc
    printf1.o(i._printf_core) refers to uidiv.o(.text) for __aeabi_uidivmod
    printf2.o(i.__0fprintf$2) refers to printf2.o(i._printf_core) for _printf_core
    printf2.o(i.__0fprintf$2) refers to usart.o(i.fputc) for fputc
    printf2.o(i.__0printf$2) refers to printf2.o(i._printf_core) for _printf_core
    printf2.o(i.__0printf$2) refers to usart.o(i.fputc) for fputc
    printf2.o(i.__0printf$2) refers to stdout.o(.data) for __stdout
    printf2.o(i.__0snprintf$2) refers to printf2.o(i._printf_core) for _printf_core
    printf2.o(i.__0snprintf$2) refers to printf2.o(i._snputc) for _snputc
    printf2.o(i.__0sprintf$2) refers to printf2.o(i._printf_core) for _printf_core
    printf2.o(i.__0sprintf$2) refers to printf2.o(i._sputc) for _sputc
    printf2.o(i.__0vfprintf$2) refers to printf2.o(i._printf_core) for _printf_core
    printf2.o(i.__0vfprintf$2) refers to usart.o(i.fputc) for fputc
    printf2.o(i.__0vprintf$2) refers to printf2.o(i._printf_core) for _printf_core
    printf2.o(i.__0vprintf$2) refers to usart.o(i.fputc) for fputc
    printf2.o(i.__0vprintf$2) refers to stdout.o(.data) for __stdout
    printf2.o(i.__0vsnprintf$2) refers to printf2.o(i._printf_core) for _printf_core
    printf2.o(i.__0vsnprintf$2) refers to printf2.o(i._snputc) for _snputc
    printf2.o(i.__0vsprintf$2) refers to printf2.o(i._printf_core) for _printf_core
    printf2.o(i.__0vsprintf$2) refers to printf2.o(i._sputc) for _sputc
    printf3.o(i.__0fprintf$3) refers to printf3.o(i._printf_core) for _printf_core
    printf3.o(i.__0fprintf$3) refers to usart.o(i.fputc) for fputc
    printf3.o(i.__0printf$3) refers to printf3.o(i._printf_core) for _printf_core
    printf3.o(i.__0printf$3) refers to usart.o(i.fputc) for fputc
    printf3.o(i.__0printf$3) refers to stdout.o(.data) for __stdout
    printf3.o(i.__0snprintf$3) refers to printf3.o(i._printf_core) for _printf_core
    printf3.o(i.__0snprintf$3) refers to printf3.o(i._snputc) for _snputc
    printf3.o(i.__0sprintf$3) refers to printf3.o(i._printf_core) for _printf_core
    printf3.o(i.__0sprintf$3) refers to printf3.o(i._sputc) for _sputc
    printf3.o(i.__0vfprintf$3) refers to printf3.o(i._printf_core) for _printf_core
    printf3.o(i.__0vfprintf$3) refers to usart.o(i.fputc) for fputc
    printf3.o(i.__0vprintf$3) refers to printf3.o(i._printf_core) for _printf_core
    printf3.o(i.__0vprintf$3) refers to usart.o(i.fputc) for fputc
    printf3.o(i.__0vprintf$3) refers to stdout.o(.data) for __stdout
    printf3.o(i.__0vsnprintf$3) refers to printf3.o(i._printf_core) for _printf_core
    printf3.o(i.__0vsnprintf$3) refers to printf3.o(i._snputc) for _snputc
    printf3.o(i.__0vsprintf$3) refers to printf3.o(i._printf_core) for _printf_core
    printf3.o(i.__0vsprintf$3) refers to printf3.o(i._sputc) for _sputc
    printf3.o(i._printf_core) refers to uidiv.o(.text) for __aeabi_uidivmod
    printf4.o(i.__0fprintf$4) refers to printf4.o(i._printf_core) for _printf_core
    printf4.o(i.__0fprintf$4) refers to usart.o(i.fputc) for fputc
    printf4.o(i.__0printf$4) refers to printf4.o(i._printf_core) for _printf_core
    printf4.o(i.__0printf$4) refers to usart.o(i.fputc) for fputc
    printf4.o(i.__0printf$4) refers to stdout.o(.data) for __stdout
    printf4.o(i.__0snprintf$4) refers to printf4.o(i._printf_core) for _printf_core
    printf4.o(i.__0snprintf$4) refers to printf4.o(i._snputc) for _snputc
    printf4.o(i.__0sprintf$4) refers to printf4.o(i._printf_core) for _printf_core
    printf4.o(i.__0sprintf$4) refers to printf4.o(i._sputc) for _sputc
    printf4.o(i.__0vfprintf$4) refers to printf4.o(i._printf_core) for _printf_core
    printf4.o(i.__0vfprintf$4) refers to usart.o(i.fputc) for fputc
    printf4.o(i.__0vprintf$4) refers to printf4.o(i._printf_core) for _printf_core
    printf4.o(i.__0vprintf$4) refers to usart.o(i.fputc) for fputc
    printf4.o(i.__0vprintf$4) refers to stdout.o(.data) for __stdout
    printf4.o(i.__0vsnprintf$4) refers to printf4.o(i._printf_core) for _printf_core
    printf4.o(i.__0vsnprintf$4) refers to printf4.o(i._snputc) for _snputc
    printf4.o(i.__0vsprintf$4) refers to printf4.o(i._printf_core) for _printf_core
    printf4.o(i.__0vsprintf$4) refers to printf4.o(i._sputc) for _sputc
    printf4.o(i._printf_core) refers to uldiv.o(.text) for __aeabi_uldivmod
    printf5.o(i.__0fprintf$5) refers to printf5.o(i._printf_core) for _printf_core
    printf5.o(i.__0fprintf$5) refers to usart.o(i.fputc) for fputc
    printf5.o(i.__0printf$5) refers to printf5.o(i._printf_core) for _printf_core
    printf5.o(i.__0printf$5) refers to usart.o(i.fputc) for fputc
    printf5.o(i.__0printf$5) refers to stdout.o(.data) for __stdout
    printf5.o(i.__0snprintf$5) refers to printf5.o(i._printf_core) for _printf_core
    printf5.o(i.__0snprintf$5) refers to printf5.o(i._snputc) for _snputc
    printf5.o(i.__0sprintf$5) refers to printf5.o(i._printf_core) for _printf_core
    printf5.o(i.__0sprintf$5) refers to printf5.o(i._sputc) for _sputc
    printf5.o(i.__0vfprintf$5) refers to printf5.o(i._printf_core) for _printf_core
    printf5.o(i.__0vfprintf$5) refers to usart.o(i.fputc) for fputc
    printf5.o(i.__0vprintf$5) refers to printf5.o(i._printf_core) for _printf_core
    printf5.o(i.__0vprintf$5) refers to usart.o(i.fputc) for fputc
    printf5.o(i.__0vprintf$5) refers to stdout.o(.data) for __stdout
    printf5.o(i.__0vsnprintf$5) refers to printf5.o(i._printf_core) for _printf_core
    printf5.o(i.__0vsnprintf$5) refers to printf5.o(i._snputc) for _snputc
    printf5.o(i.__0vsprintf$5) refers to printf5.o(i._printf_core) for _printf_core
    printf5.o(i.__0vsprintf$5) refers to printf5.o(i._sputc) for _sputc
    printf5.o(i._printf_core) refers to uldiv.o(.text) for __aeabi_uldivmod
    printf6.o(i.__0fprintf$6) refers to printf6.o(i._printf_core) for _printf_core
    printf6.o(i.__0fprintf$6) refers to usart.o(i.fputc) for fputc
    printf6.o(i.__0printf$6) refers to printf6.o(i._printf_core) for _printf_core
    printf6.o(i.__0printf$6) refers to usart.o(i.fputc) for fputc
    printf6.o(i.__0printf$6) refers to stdout.o(.data) for __stdout
    printf6.o(i.__0snprintf$6) refers to printf6.o(i._printf_core) for _printf_core
    printf6.o(i.__0snprintf$6) refers to printf6.o(i._snputc) for _snputc
    printf6.o(i.__0sprintf$6) refers to printf6.o(i._printf_core) for _printf_core
    printf6.o(i.__0sprintf$6) refers to printf6.o(i._sputc) for _sputc
    printf6.o(i.__0vfprintf$6) refers to printf6.o(i._printf_core) for _printf_core
    printf6.o(i.__0vfprintf$6) refers to usart.o(i.fputc) for fputc
    printf6.o(i.__0vprintf$6) refers to printf6.o(i._printf_core) for _printf_core
    printf6.o(i.__0vprintf$6) refers to usart.o(i.fputc) for fputc
    printf6.o(i.__0vprintf$6) refers to stdout.o(.data) for __stdout
    printf6.o(i.__0vsnprintf$6) refers to printf6.o(i._printf_core) for _printf_core
    printf6.o(i.__0vsnprintf$6) refers to printf6.o(i._snputc) for _snputc
    printf6.o(i.__0vsprintf$6) refers to printf6.o(i._printf_core) for _printf_core
    printf6.o(i.__0vsprintf$6) refers to printf6.o(i._sputc) for _sputc
    printf6.o(i._printf_core) refers to printf6.o(i._printf_pre_padding) for _printf_pre_padding
    printf6.o(i._printf_core) refers to uidiv.o(.text) for __aeabi_uidivmod
    printf6.o(i._printf_core) refers to printf6.o(i._printf_post_padding) for _printf_post_padding
    printf7.o(i.__0fprintf$7) refers to printf7.o(i._printf_core) for _printf_core
    printf7.o(i.__0fprintf$7) refers to usart.o(i.fputc) for fputc
    printf7.o(i.__0printf$7) refers to printf7.o(i._printf_core) for _printf_core
    printf7.o(i.__0printf$7) refers to usart.o(i.fputc) for fputc
    printf7.o(i.__0printf$7) refers to stdout.o(.data) for __stdout
    printf7.o(i.__0snprintf$7) refers to printf7.o(i._printf_core) for _printf_core
    printf7.o(i.__0snprintf$7) refers to printf7.o(i._snputc) for _snputc
    printf7.o(i.__0sprintf$7) refers to printf7.o(i._printf_core) for _printf_core
    printf7.o(i.__0sprintf$7) refers to printf7.o(i._sputc) for _sputc
    printf7.o(i.__0vfprintf$7) refers to printf7.o(i._printf_core) for _printf_core
    printf7.o(i.__0vfprintf$7) refers to usart.o(i.fputc) for fputc
    printf7.o(i.__0vprintf$7) refers to printf7.o(i._printf_core) for _printf_core
    printf7.o(i.__0vprintf$7) refers to usart.o(i.fputc) for fputc
    printf7.o(i.__0vprintf$7) refers to stdout.o(.data) for __stdout
    printf7.o(i.__0vsnprintf$7) refers to printf7.o(i._printf_core) for _printf_core
    printf7.o(i.__0vsnprintf$7) refers to printf7.o(i._snputc) for _snputc
    printf7.o(i.__0vsprintf$7) refers to printf7.o(i._printf_core) for _printf_core
    printf7.o(i.__0vsprintf$7) refers to printf7.o(i._sputc) for _sputc
    printf7.o(i._printf_core) refers to printf7.o(i._printf_pre_padding) for _printf_pre_padding
    printf7.o(i._printf_core) refers to uldiv.o(.text) for __aeabi_uldivmod
    printf7.o(i._printf_core) refers to printf7.o(i._printf_post_padding) for _printf_post_padding
    printf8.o(i.__0fprintf$8) refers to printf8.o(i._printf_core) for _printf_core
    printf8.o(i.__0fprintf$8) refers to usart.o(i.fputc) for fputc
    printf8.o(i.__0printf$8) refers to printf8.o(i._printf_core) for _printf_core
    printf8.o(i.__0printf$8) refers to usart.o(i.fputc) for fputc
    printf8.o(i.__0printf$8) refers to stdout.o(.data) for __stdout
    printf8.o(i.__0snprintf$8) refers to printf8.o(i._printf_core) for _printf_core
    printf8.o(i.__0snprintf$8) refers to printf8.o(i._snputc) for _snputc
    printf8.o(i.__0sprintf$8) refers to printf8.o(i._printf_core) for _printf_core
    printf8.o(i.__0sprintf$8) refers to printf8.o(i._sputc) for _sputc
    printf8.o(i.__0vfprintf$8) refers to printf8.o(i._printf_core) for _printf_core
    printf8.o(i.__0vfprintf$8) refers to usart.o(i.fputc) for fputc
    printf8.o(i.__0vprintf$8) refers to printf8.o(i._printf_core) for _printf_core
    printf8.o(i.__0vprintf$8) refers to usart.o(i.fputc) for fputc
    printf8.o(i.__0vprintf$8) refers to stdout.o(.data) for __stdout
    printf8.o(i.__0vsnprintf$8) refers to printf8.o(i._printf_core) for _printf_core
    printf8.o(i.__0vsnprintf$8) refers to printf8.o(i._snputc) for _snputc
    printf8.o(i.__0vsprintf$8) refers to printf8.o(i._printf_core) for _printf_core
    printf8.o(i.__0vsprintf$8) refers to printf8.o(i._sputc) for _sputc
    printf8.o(i._printf_core) refers to printf8.o(i._printf_pre_padding) for _printf_pre_padding
    printf8.o(i._printf_core) refers to uldiv.o(.text) for __aeabi_uldivmod
    printf8.o(i._printf_core) refers to printf8.o(i._printf_post_padding) for _printf_post_padding
    printfa.o(i.__0fprintf) refers (Special) to iusefp.o(.text) for __I$use$fp
    printfa.o(i.__0fprintf) refers to printfa.o(i._printf_core) for _printf_core
    printfa.o(i.__0fprintf) refers to usart.o(i.fputc) for fputc
    printfa.o(i.__0printf) refers (Special) to iusefp.o(.text) for __I$use$fp
    printfa.o(i.__0printf) refers to printfa.o(i._printf_core) for _printf_core
    printfa.o(i.__0printf) refers to usart.o(i.fputc) for fputc
    printfa.o(i.__0printf) refers to stdout.o(.data) for __stdout
    printfa.o(i.__0snprintf) refers (Special) to iusefp.o(.text) for __I$use$fp
    printfa.o(i.__0snprintf) refers to printfa.o(i._printf_core) for _printf_core
    printfa.o(i.__0snprintf) refers to printfa.o(i._snputc) for _snputc
    printfa.o(i.__0sprintf) refers (Special) to iusefp.o(.text) for __I$use$fp
    printfa.o(i.__0sprintf) refers to printfa.o(i._printf_core) for _printf_core
    printfa.o(i.__0sprintf) refers to printfa.o(i._sputc) for _sputc
    printfa.o(i.__0vfprintf) refers (Special) to iusefp.o(.text) for __I$use$fp
    printfa.o(i.__0vfprintf) refers to printfa.o(i._printf_core) for _printf_core
    printfa.o(i.__0vfprintf) refers to usart.o(i.fputc) for fputc
    printfa.o(i.__0vprintf) refers (Special) to iusefp.o(.text) for __I$use$fp
    printfa.o(i.__0vprintf) refers to printfa.o(i._printf_core) for _printf_core
    printfa.o(i.__0vprintf) refers to usart.o(i.fputc) for fputc
    printfa.o(i.__0vprintf) refers to stdout.o(.data) for __stdout
    printfa.o(i.__0vsnprintf) refers (Special) to iusefp.o(.text) for __I$use$fp
    printfa.o(i.__0vsnprintf) refers to printfa.o(i._printf_core) for _printf_core
    printfa.o(i.__0vsnprintf) refers to printfa.o(i._snputc) for _snputc
    printfa.o(i.__0vsprintf) refers (Special) to iusefp.o(.text) for __I$use$fp
    printfa.o(i.__0vsprintf) refers to printfa.o(i._printf_core) for _printf_core
    printfa.o(i.__0vsprintf) refers to printfa.o(i._sputc) for _sputc
    printfa.o(i._fp_digits) refers (Special) to iusefp.o(.text) for __I$use$fp
    printfa.o(i._fp_digits) refers to dmul.o(.text) for __aeabi_dmul
    printfa.o(i._fp_digits) refers to ddiv.o(.text) for __aeabi_ddiv
    printfa.o(i._fp_digits) refers to cdrcmple.o(.text) for __aeabi_cdrcmple
    printfa.o(i._fp_digits) refers to dadd.o(.text) for __aeabi_dadd
    printfa.o(i._fp_digits) refers to dfixul.o(.text) for __aeabi_d2ulz
    printfa.o(i._fp_digits) refers to uldiv.o(.text) for __aeabi_uldivmod
    printfa.o(i._printf_core) refers (Special) to iusefp.o(.text) for __I$use$fp
    printfa.o(i._printf_core) refers to printfa.o(i._printf_pre_padding) for _printf_pre_padding
    printfa.o(i._printf_core) refers to uldiv.o(.text) for __aeabi_uldivmod
    printfa.o(i._printf_core) refers to printfa.o(i._printf_post_padding) for _printf_post_padding
    printfa.o(i._printf_core) refers to printfa.o(i._fp_digits) for _fp_digits
    printfa.o(i._printf_core) refers to uidiv.o(.text) for __aeabi_uidivmod
    printfa.o(i._printf_post_padding) refers (Special) to iusefp.o(.text) for __I$use$fp
    printfa.o(i._printf_pre_padding) refers (Special) to iusefp.o(.text) for __I$use$fp
    printfa.o(i._snputc) refers (Special) to iusefp.o(.text) for __I$use$fp
    printfa.o(i._sputc) refers (Special) to iusefp.o(.text) for __I$use$fp
    dflti.o(.text) refers (Special) to iusefp.o(.text) for __I$use$fp
    dflti.o(.text) refers to depilogue.o(.text) for _double_epilogue
    cdrcmple.o(.text) refers (Special) to iusefp.o(.text) for __I$use$fp
    entry2.o(.ARM.Collect$$$$00000001) refers to entry2.o(.ARM.Collect$$$$00002712) for __lit__00000000
    entry2.o(.ARM.Collect$$$$00002712) refers to startup_stm32f10x_md.o(STACK) for __initial_sp
    entry2.o(__vectab_stack_and_reset_area) refers to startup_stm32f10x_md.o(STACK) for __initial_sp
    entry2.o(__vectab_stack_and_reset_area) refers to entry.o(.ARM.Collect$$$$00000000) for __main
    entry5.o(.ARM.Collect$$$$00000004) refers to init.o(.text) for __scatterload
    entry9a.o(.ARM.Collect$$$$0000000B) refers to main.o(i.main) for main
    entry9b.o(.ARM.Collect$$$$0000000C) refers to main.o(i.main) for main
    uldiv.o(.text) refers to llushr.o(.text) for __aeabi_llsr
    uldiv.o(.text) refers to llshl.o(.text) for __aeabi_llsl
    depilogue.o(.text) refers to llshl.o(.text) for __aeabi_llsl
    depilogue.o(.text) refers to llushr.o(.text) for __aeabi_llsr
    dadd.o(.text) refers to llshl.o(.text) for __aeabi_llsl
    dadd.o(.text) refers to llsshr.o(.text) for __aeabi_lasr
    dadd.o(.text) refers to depilogue.o(.text) for _double_epilogue
    dmul.o(.text) refers to depilogue.o(.text) for _double_epilogue
    ddiv.o(.text) refers to depilogue.o(.text) for _double_round
    dfixul.o(.text) refers to llushr.o(.text) for __aeabi_llsr
    dfixul.o(.text) refers to llshl.o(.text) for __aeabi_llsl
    init.o(.text) refers to entry5.o(.ARM.Collect$$$$00000004) for __main_after_scatterload


==============================================================================

Removing Unused input sections from the image.

    Removing main.o(.rev16_text), (4 bytes).
    Removing main.o(.revsh_text), (4 bytes).
    Removing main.o(.rrx_text), (6 bytes).
    Removing nvic.o(.rev16_text), (4 bytes).
    Removing nvic.o(.revsh_text), (4 bytes).
    Removing nvic.o(.rrx_text), (6 bytes).
    Removing systick.o(.rev16_text), (4 bytes).
    Removing systick.o(.revsh_text), (4 bytes).
    Removing systick.o(.rrx_text), (6 bytes).
    Removing led.o(.rev16_text), (4 bytes).
    Removing led.o(.revsh_text), (4 bytes).
    Removing led.o(.rrx_text), (6 bytes).
    Removing led.o(i.LED_CyclieOn), (50 bytes).
    Removing usart.o(.rev16_text), (4 bytes).
    Removing usart.o(.revsh_text), (4 bytes).
    Removing usart.o(.rrx_text), (6 bytes).
    Removing tim_octigr.o(.rev16_text), (4 bytes).
    Removing tim_octigr.o(.revsh_text), (4 bytes).
    Removing tim_octigr.o(.rrx_text), (6 bytes).
    Removing adc_dma.o(.rev16_text), (4 bytes).
    Removing adc_dma.o(.revsh_text), (4 bytes).
    Removing adc_dma.o(.rrx_text), (6 bytes).
    Removing button.o(.rev16_text), (4 bytes).
    Removing button.o(.revsh_text), (4 bytes).
    Removing button.o(.rrx_text), (6 bytes).
    Removing spi.o(.rev16_text), (4 bytes).
    Removing spi.o(.revsh_text), (4 bytes).
    Removing spi.o(.rrx_text), (6 bytes).
    Removing nrf.o(.rev16_text), (4 bytes).
    Removing nrf.o(.revsh_text), (4 bytes).
    Removing nrf.o(.rrx_text), (6 bytes).
    Removing deal_datapacket.o(.rev16_text), (4 bytes).
    Removing deal_datapacket.o(.revsh_text), (4 bytes).
    Removing deal_datapacket.o(.rrx_text), (6 bytes).
    Removing senddata.o(.rev16_text), (4 bytes).
    Removing senddata.o(.revsh_text), (4 bytes).
    Removing senddata.o(.rrx_text), (6 bytes).
    Removing misc.o(.rev16_text), (4 bytes).
    Removing misc.o(.revsh_text), (4 bytes).
    Removing misc.o(.rrx_text), (6 bytes).
    Removing misc.o(i.NVIC_Init), (112 bytes).
    Removing misc.o(i.NVIC_PriorityGroupConfig), (20 bytes).
    Removing misc.o(i.NVIC_SetVectorTable), (20 bytes).
    Removing misc.o(i.NVIC_SystemLPConfig), (32 bytes).
    Removing misc.o(i.SysTick_CLKSourceConfig), (40 bytes).
    Removing stm32f10x_adc.o(.rev16_text), (4 bytes).
    Removing stm32f10x_adc.o(.revsh_text), (4 bytes).
    Removing stm32f10x_adc.o(.rrx_text), (6 bytes).
    Removing stm32f10x_adc.o(i.ADC_AnalogWatchdogCmd), (20 bytes).
    Removing stm32f10x_adc.o(i.ADC_AnalogWatchdogSingleChannelConfig), (16 bytes).
    Removing stm32f10x_adc.o(i.ADC_AnalogWatchdogThresholdsConfig), (6 bytes).
    Removing stm32f10x_adc.o(i.ADC_AutoInjectedConvCmd), (22 bytes).
    Removing stm32f10x_adc.o(i.ADC_ClearFlag), (6 bytes).
    Removing stm32f10x_adc.o(i.ADC_ClearITPendingBit), (10 bytes).
    Removing stm32f10x_adc.o(i.ADC_DeInit), (92 bytes).
    Removing stm32f10x_adc.o(i.ADC_DiscModeChannelCountConfig), (24 bytes).
    Removing stm32f10x_adc.o(i.ADC_DiscModeCmd), (22 bytes).
    Removing stm32f10x_adc.o(i.ADC_ExternalTrigInjectedConvCmd), (22 bytes).
    Removing stm32f10x_adc.o(i.ADC_ExternalTrigInjectedConvConfig), (16 bytes).
    Removing stm32f10x_adc.o(i.ADC_GetConversionValue), (8 bytes).
    Removing stm32f10x_adc.o(i.ADC_GetDualModeConversionValue), (12 bytes).
    Removing stm32f10x_adc.o(i.ADC_GetFlagStatus), (18 bytes).
    Removing stm32f10x_adc.o(i.ADC_GetITStatus), (36 bytes).
    Removing stm32f10x_adc.o(i.ADC_GetInjectedConversionValue), (28 bytes).
    Removing stm32f10x_adc.o(i.ADC_GetResetCalibrationStatus), (20 bytes).
    Removing stm32f10x_adc.o(i.ADC_GetSoftwareStartConvStatus), (20 bytes).
    Removing stm32f10x_adc.o(i.ADC_GetSoftwareStartInjectedConvCmdStatus), (20 bytes).
    Removing stm32f10x_adc.o(i.ADC_ITConfig), (24 bytes).
    Removing stm32f10x_adc.o(i.ADC_InjectedChannelConfig), (130 bytes).
    Removing stm32f10x_adc.o(i.ADC_InjectedDiscModeCmd), (22 bytes).
    Removing stm32f10x_adc.o(i.ADC_InjectedSequencerLengthConfig), (24 bytes).
    Removing stm32f10x_adc.o(i.ADC_SetInjectedOffset), (20 bytes).
    Removing stm32f10x_adc.o(i.ADC_SoftwareStartConvCmd), (22 bytes).
    Removing stm32f10x_adc.o(i.ADC_SoftwareStartInjectedConvCmd), (22 bytes).
    Removing stm32f10x_adc.o(i.ADC_StructInit), (18 bytes).
    Removing stm32f10x_adc.o(i.ADC_TempSensorVrefintCmd), (36 bytes).
    Removing stm32f10x_dma.o(.rev16_text), (4 bytes).
    Removing stm32f10x_dma.o(.revsh_text), (4 bytes).
    Removing stm32f10x_dma.o(.rrx_text), (6 bytes).
    Removing stm32f10x_dma.o(i.DMA_ClearFlag), (28 bytes).
    Removing stm32f10x_dma.o(i.DMA_DeInit), (332 bytes).
    Removing stm32f10x_dma.o(i.DMA_GetCurrDataCounter), (8 bytes).
    Removing stm32f10x_dma.o(i.DMA_GetFlagStatus), (44 bytes).
    Removing stm32f10x_dma.o(i.DMA_SetCurrDataCounter), (4 bytes).
    Removing stm32f10x_dma.o(i.DMA_StructInit), (26 bytes).
    Removing stm32f10x_exti.o(.rev16_text), (4 bytes).
    Removing stm32f10x_exti.o(.revsh_text), (4 bytes).
    Removing stm32f10x_exti.o(.rrx_text), (6 bytes).
    Removing stm32f10x_exti.o(i.EXTI_ClearFlag), (12 bytes).
    Removing stm32f10x_exti.o(i.EXTI_DeInit), (36 bytes).
    Removing stm32f10x_exti.o(i.EXTI_GenerateSWInterrupt), (16 bytes).
    Removing stm32f10x_exti.o(i.EXTI_GetFlagStatus), (24 bytes).
    Removing stm32f10x_exti.o(i.EXTI_StructInit), (16 bytes).
    Removing stm32f10x_gpio.o(.rev16_text), (4 bytes).
    Removing stm32f10x_gpio.o(.revsh_text), (4 bytes).
    Removing stm32f10x_gpio.o(.rrx_text), (6 bytes).
    Removing stm32f10x_gpio.o(i.GPIO_AFIODeInit), (20 bytes).
    Removing stm32f10x_gpio.o(i.GPIO_DeInit), (200 bytes).
    Removing stm32f10x_gpio.o(i.GPIO_ETH_MediaInterfaceConfig), (12 bytes).
    Removing stm32f10x_gpio.o(i.GPIO_EventOutputCmd), (12 bytes).
    Removing stm32f10x_gpio.o(i.GPIO_EventOutputConfig), (32 bytes).
    Removing stm32f10x_gpio.o(i.GPIO_PinLockConfig), (18 bytes).
    Removing stm32f10x_gpio.o(i.GPIO_PinRemapConfig), (144 bytes).
    Removing stm32f10x_gpio.o(i.GPIO_ReadInputData), (8 bytes).
    Removing stm32f10x_gpio.o(i.GPIO_ReadInputDataBit), (18 bytes).
    Removing stm32f10x_gpio.o(i.GPIO_ReadOutputData), (8 bytes).
    Removing stm32f10x_gpio.o(i.GPIO_ReadOutputDataBit), (18 bytes).
    Removing stm32f10x_gpio.o(i.GPIO_StructInit), (16 bytes).
    Removing stm32f10x_gpio.o(i.GPIO_Write), (4 bytes).
    Removing stm32f10x_gpio.o(i.GPIO_WriteBit), (10 bytes).
    Removing stm32f10x_rcc.o(.rev16_text), (4 bytes).
    Removing stm32f10x_rcc.o(.revsh_text), (4 bytes).
    Removing stm32f10x_rcc.o(.rrx_text), (6 bytes).
    Removing stm32f10x_rcc.o(i.RCC_APB1PeriphResetCmd), (32 bytes).
    Removing stm32f10x_rcc.o(i.RCC_APB2PeriphResetCmd), (32 bytes).
    Removing stm32f10x_rcc.o(i.RCC_AdjustHSICalibrationValue), (24 bytes).
    Removing stm32f10x_rcc.o(i.RCC_BackupResetCmd), (12 bytes).
    Removing stm32f10x_rcc.o(i.RCC_ClearFlag), (20 bytes).
    Removing stm32f10x_rcc.o(i.RCC_ClearITPendingBit), (12 bytes).
    Removing stm32f10x_rcc.o(i.RCC_ClockSecuritySystemCmd), (12 bytes).
    Removing stm32f10x_rcc.o(i.RCC_DeInit), (76 bytes).
    Removing stm32f10x_rcc.o(i.RCC_GetFlagStatus), (60 bytes).
    Removing stm32f10x_rcc.o(i.RCC_GetITStatus), (24 bytes).
    Removing stm32f10x_rcc.o(i.RCC_GetSYSCLKSource), (16 bytes).
    Removing stm32f10x_rcc.o(i.RCC_HCLKConfig), (24 bytes).
    Removing stm32f10x_rcc.o(i.RCC_HSEConfig), (76 bytes).
    Removing stm32f10x_rcc.o(i.RCC_HSICmd), (12 bytes).
    Removing stm32f10x_rcc.o(i.RCC_ITConfig), (32 bytes).
    Removing stm32f10x_rcc.o(i.RCC_LSEConfig), (52 bytes).
    Removing stm32f10x_rcc.o(i.RCC_LSICmd), (12 bytes).
    Removing stm32f10x_rcc.o(i.RCC_MCOConfig), (12 bytes).
    Removing stm32f10x_rcc.o(i.RCC_PCLK1Config), (24 bytes).
    Removing stm32f10x_rcc.o(i.RCC_PCLK2Config), (24 bytes).
    Removing stm32f10x_rcc.o(i.RCC_PLLCmd), (12 bytes).
    Removing stm32f10x_rcc.o(i.RCC_PLLConfig), (28 bytes).
    Removing stm32f10x_rcc.o(i.RCC_RTCCLKCmd), (12 bytes).
    Removing stm32f10x_rcc.o(i.RCC_RTCCLKConfig), (16 bytes).
    Removing stm32f10x_rcc.o(i.RCC_SYSCLKConfig), (24 bytes).
    Removing stm32f10x_rcc.o(i.RCC_USBCLKConfig), (12 bytes).
    Removing stm32f10x_rcc.o(i.RCC_WaitForHSEStartUp), (56 bytes).
    Removing stm32f10x_spi.o(.rev16_text), (4 bytes).
    Removing stm32f10x_spi.o(.revsh_text), (4 bytes).
    Removing stm32f10x_spi.o(.rrx_text), (6 bytes).
    Removing stm32f10x_spi.o(i.I2S_Cmd), (24 bytes).
    Removing stm32f10x_spi.o(i.I2S_Init), (232 bytes).
    Removing stm32f10x_spi.o(i.I2S_StructInit), (20 bytes).
    Removing stm32f10x_spi.o(i.SPI_BiDirectionalLineConfig), (28 bytes).
    Removing stm32f10x_spi.o(i.SPI_CalculateCRC), (24 bytes).
    Removing stm32f10x_spi.o(i.SPI_DataSizeConfig), (18 bytes).
    Removing stm32f10x_spi.o(i.SPI_GetCRC), (16 bytes).
    Removing stm32f10x_spi.o(i.SPI_GetCRCPolynomial), (6 bytes).
    Removing stm32f10x_spi.o(i.SPI_I2S_ClearFlag), (6 bytes).
    Removing stm32f10x_spi.o(i.SPI_I2S_ClearITPendingBit), (20 bytes).
    Removing stm32f10x_spi.o(i.SPI_I2S_DMACmd), (18 bytes).
    Removing stm32f10x_spi.o(i.SPI_I2S_DeInit), (88 bytes).
    Removing stm32f10x_spi.o(i.SPI_I2S_GetITStatus), (52 bytes).
    Removing stm32f10x_spi.o(i.SPI_I2S_ITConfig), (32 bytes).
    Removing stm32f10x_spi.o(i.SPI_NSSInternalSoftwareConfig), (30 bytes).
    Removing stm32f10x_spi.o(i.SPI_SSOutputCmd), (24 bytes).
    Removing stm32f10x_spi.o(i.SPI_StructInit), (24 bytes).
    Removing stm32f10x_spi.o(i.SPI_TransmitCRC), (10 bytes).
    Removing stm32f10x_tim.o(.rev16_text), (4 bytes).
    Removing stm32f10x_tim.o(.revsh_text), (4 bytes).
    Removing stm32f10x_tim.o(.rrx_text), (6 bytes).
    Removing stm32f10x_tim.o(i.TI1_Config), (128 bytes).
    Removing stm32f10x_tim.o(i.TI2_Config), (152 bytes).
    Removing stm32f10x_tim.o(i.TI3_Config), (144 bytes).
    Removing stm32f10x_tim.o(i.TI4_Config), (152 bytes).
    Removing stm32f10x_tim.o(i.TIM_BDTRConfig), (32 bytes).
    Removing stm32f10x_tim.o(i.TIM_BDTRStructInit), (18 bytes).
    Removing stm32f10x_tim.o(i.TIM_CCPreloadControl), (24 bytes).
    Removing stm32f10x_tim.o(i.TIM_CCxCmd), (30 bytes).
    Removing stm32f10x_tim.o(i.TIM_CCxNCmd), (30 bytes).
    Removing stm32f10x_tim.o(i.TIM_ClearFlag), (6 bytes).
    Removing stm32f10x_tim.o(i.TIM_ClearITPendingBit), (6 bytes).
    Removing stm32f10x_tim.o(i.TIM_ClearOC1Ref), (18 bytes).
    Removing stm32f10x_tim.o(i.TIM_ClearOC2Ref), (24 bytes).
    Removing stm32f10x_tim.o(i.TIM_ClearOC3Ref), (18 bytes).
    Removing stm32f10x_tim.o(i.TIM_ClearOC4Ref), (24 bytes).
    Removing stm32f10x_tim.o(i.TIM_CounterModeConfig), (18 bytes).
    Removing stm32f10x_tim.o(i.TIM_CtrlPWMOutputs), (30 bytes).
    Removing stm32f10x_tim.o(i.TIM_DMACmd), (18 bytes).
    Removing stm32f10x_tim.o(i.TIM_DMAConfig), (10 bytes).
    Removing stm32f10x_tim.o(i.TIM_DeInit), (488 bytes).
    Removing stm32f10x_tim.o(i.TIM_ETRClockMode1Config), (54 bytes).
    Removing stm32f10x_tim.o(i.TIM_ETRClockMode2Config), (32 bytes).
    Removing stm32f10x_tim.o(i.TIM_ETRConfig), (28 bytes).
    Removing stm32f10x_tim.o(i.TIM_EncoderInterfaceConfig), (66 bytes).
    Removing stm32f10x_tim.o(i.TIM_ForcedOC1Config), (18 bytes).
    Removing stm32f10x_tim.o(i.TIM_ForcedOC2Config), (26 bytes).
    Removing stm32f10x_tim.o(i.TIM_ForcedOC3Config), (18 bytes).
    Removing stm32f10x_tim.o(i.TIM_ForcedOC4Config), (26 bytes).
    Removing stm32f10x_tim.o(i.TIM_GenerateEvent), (4 bytes).
    Removing stm32f10x_tim.o(i.TIM_GetCapture1), (6 bytes).
    Removing stm32f10x_tim.o(i.TIM_GetCapture2), (6 bytes).
    Removing stm32f10x_tim.o(i.TIM_GetCapture3), (6 bytes).
    Removing stm32f10x_tim.o(i.TIM_GetCapture4), (8 bytes).
    Removing stm32f10x_tim.o(i.TIM_GetCounter), (6 bytes).
    Removing stm32f10x_tim.o(i.TIM_GetFlagStatus), (18 bytes).
    Removing stm32f10x_tim.o(i.TIM_GetITStatus), (34 bytes).
    Removing stm32f10x_tim.o(i.TIM_GetPrescaler), (6 bytes).
    Removing stm32f10x_tim.o(i.TIM_ICInit), (172 bytes).
    Removing stm32f10x_tim.o(i.TIM_ICStructInit), (18 bytes).
    Removing stm32f10x_tim.o(i.TIM_ITConfig), (18 bytes).
    Removing stm32f10x_tim.o(i.TIM_ITRxExternalClockConfig), (24 bytes).
    Removing stm32f10x_tim.o(i.TIM_InternalClockConfig), (12 bytes).
    Removing stm32f10x_tim.o(i.TIM_OC1FastConfig), (18 bytes).
    Removing stm32f10x_tim.o(i.TIM_OC1Init), (152 bytes).
    Removing stm32f10x_tim.o(i.TIM_OC1NPolarityConfig), (18 bytes).
    Removing stm32f10x_tim.o(i.TIM_OC1PolarityConfig), (18 bytes).
    Removing stm32f10x_tim.o(i.TIM_OC1PreloadConfig), (18 bytes).
    Removing stm32f10x_tim.o(i.TIM_OC2FastConfig), (26 bytes).
    Removing stm32f10x_tim.o(i.TIM_OC2Init), (164 bytes).
    Removing stm32f10x_tim.o(i.TIM_OC2NPolarityConfig), (26 bytes).
    Removing stm32f10x_tim.o(i.TIM_OC2PolarityConfig), (26 bytes).
    Removing stm32f10x_tim.o(i.TIM_OC2PreloadConfig), (26 bytes).
    Removing stm32f10x_tim.o(i.TIM_OC3FastConfig), (18 bytes).
    Removing stm32f10x_tim.o(i.TIM_OC3Init), (160 bytes).
    Removing stm32f10x_tim.o(i.TIM_OC3NPolarityConfig), (26 bytes).
    Removing stm32f10x_tim.o(i.TIM_OC3PolarityConfig), (26 bytes).
    Removing stm32f10x_tim.o(i.TIM_OC3PreloadConfig), (18 bytes).
    Removing stm32f10x_tim.o(i.TIM_OC4FastConfig), (26 bytes).
    Removing stm32f10x_tim.o(i.TIM_OC4PolarityConfig), (26 bytes).
    Removing stm32f10x_tim.o(i.TIM_OCStructInit), (20 bytes).
    Removing stm32f10x_tim.o(i.TIM_PWMIConfig), (124 bytes).
    Removing stm32f10x_tim.o(i.TIM_PrescalerConfig), (6 bytes).
    Removing stm32f10x_tim.o(i.TIM_SelectCCDMA), (24 bytes).
    Removing stm32f10x_tim.o(i.TIM_SelectCOM), (24 bytes).
    Removing stm32f10x_tim.o(i.TIM_SelectHallSensor), (24 bytes).
    Removing stm32f10x_tim.o(i.TIM_SelectInputTrigger), (18 bytes).
    Removing stm32f10x_tim.o(i.TIM_SelectMasterSlaveMode), (18 bytes).
    Removing stm32f10x_tim.o(i.TIM_SelectOCxM), (82 bytes).
    Removing stm32f10x_tim.o(i.TIM_SelectOnePulseMode), (18 bytes).
    Removing stm32f10x_tim.o(i.TIM_SelectOutputTrigger), (18 bytes).
    Removing stm32f10x_tim.o(i.TIM_SelectSlaveMode), (18 bytes).
    Removing stm32f10x_tim.o(i.TIM_SetAutoreload), (4 bytes).
    Removing stm32f10x_tim.o(i.TIM_SetClockDivision), (18 bytes).
    Removing stm32f10x_tim.o(i.TIM_SetCompare1), (4 bytes).
    Removing stm32f10x_tim.o(i.TIM_SetCompare2), (4 bytes).
    Removing stm32f10x_tim.o(i.TIM_SetCompare3), (4 bytes).
    Removing stm32f10x_tim.o(i.TIM_SetCompare4), (6 bytes).
    Removing stm32f10x_tim.o(i.TIM_SetCounter), (4 bytes).
    Removing stm32f10x_tim.o(i.TIM_SetIC1Prescaler), (18 bytes).
    Removing stm32f10x_tim.o(i.TIM_SetIC2Prescaler), (26 bytes).
    Removing stm32f10x_tim.o(i.TIM_SetIC3Prescaler), (18 bytes).
    Removing stm32f10x_tim.o(i.TIM_SetIC4Prescaler), (26 bytes).
    Removing stm32f10x_tim.o(i.TIM_TIxExternalClockConfig), (62 bytes).
    Removing stm32f10x_tim.o(i.TIM_TimeBaseStructInit), (18 bytes).
    Removing stm32f10x_tim.o(i.TIM_UpdateDisableConfig), (24 bytes).
    Removing stm32f10x_tim.o(i.TIM_UpdateRequestConfig), (24 bytes).
    Removing stm32f10x_usart.o(.rev16_text), (4 bytes).
    Removing stm32f10x_usart.o(.revsh_text), (4 bytes).
    Removing stm32f10x_usart.o(.rrx_text), (6 bytes).
    Removing stm32f10x_usart.o(i.USART_ClearFlag), (18 bytes).
    Removing stm32f10x_usart.o(i.USART_ClearITPendingBit), (30 bytes).
    Removing stm32f10x_usart.o(i.USART_ClockInit), (34 bytes).
    Removing stm32f10x_usart.o(i.USART_ClockStructInit), (12 bytes).
    Removing stm32f10x_usart.o(i.USART_DMACmd), (18 bytes).
    Removing stm32f10x_usart.o(i.USART_DeInit), (156 bytes).
    Removing stm32f10x_usart.o(i.USART_GetITStatus), (84 bytes).
    Removing stm32f10x_usart.o(i.USART_HalfDuplexCmd), (24 bytes).
    Removing stm32f10x_usart.o(i.USART_ITConfig), (74 bytes).
    Removing stm32f10x_usart.o(i.USART_IrDACmd), (24 bytes).
    Removing stm32f10x_usart.o(i.USART_IrDAConfig), (18 bytes).
    Removing stm32f10x_usart.o(i.USART_LINBreakDetectLengthConfig), (18 bytes).
    Removing stm32f10x_usart.o(i.USART_LINCmd), (24 bytes).
    Removing stm32f10x_usart.o(i.USART_OneBitMethodCmd), (24 bytes).
    Removing stm32f10x_usart.o(i.USART_OverSampling8Cmd), (22 bytes).
    Removing stm32f10x_usart.o(i.USART_ReceiveData), (10 bytes).
    Removing stm32f10x_usart.o(i.USART_ReceiverWakeUpCmd), (24 bytes).
    Removing stm32f10x_usart.o(i.USART_SendBreak), (10 bytes).
    Removing stm32f10x_usart.o(i.USART_SetAddress), (18 bytes).
    Removing stm32f10x_usart.o(i.USART_SetGuardTime), (16 bytes).
    Removing stm32f10x_usart.o(i.USART_SetPrescaler), (16 bytes).
    Removing stm32f10x_usart.o(i.USART_SmartCardCmd), (24 bytes).
    Removing stm32f10x_usart.o(i.USART_SmartCardNACKCmd), (24 bytes).
    Removing stm32f10x_usart.o(i.USART_StructInit), (24 bytes).
    Removing stm32f10x_usart.o(i.USART_WakeUpConfig), (18 bytes).
    Removing startup_stm32f10x_md.o(HEAP), (512 bytes).
    Removing system_stm32f10x.o(.rev16_text), (4 bytes).
    Removing system_stm32f10x.o(.revsh_text), (4 bytes).
    Removing system_stm32f10x.o(.rrx_text), (6 bytes).
    Removing system_stm32f10x.o(i.SystemCoreClockUpdate), (164 bytes).
    Removing dadd.o(.text), (334 bytes).
    Removing dmul.o(.text), (228 bytes).
    Removing ddiv.o(.text), (222 bytes).
    Removing dfixul.o(.text), (48 bytes).

287 unused section(s) (total 9498 bytes) removed from the image.

==============================================================================

Image Symbol Table

    Local Symbols

    Symbol Name                              Value     Ov Type        Size  Object(Section)

    ../clib/microlib/division.c              0x00000000   Number         0  uldiv.o ABSOLUTE
    ../clib/microlib/division.c              0x00000000   Number         0  uidiv.o ABSOLUTE
    ../clib/microlib/init/entry.s            0x00000000   Number         0  entry5.o ABSOLUTE
    ../clib/microlib/init/entry.s            0x00000000   Number         0  entry11b.o ABSOLUTE
    ../clib/microlib/init/entry.s            0x00000000   Number         0  entry10b.o ABSOLUTE
    ../clib/microlib/init/entry.s            0x00000000   Number         0  entry10a.o ABSOLUTE
    ../clib/microlib/init/entry.s            0x00000000   Number         0  entry9b.o ABSOLUTE
    ../clib/microlib/init/entry.s            0x00000000   Number         0  entry8a.o ABSOLUTE
    ../clib/microlib/init/entry.s            0x00000000   Number         0  entry.o ABSOLUTE
    ../clib/microlib/init/entry.s            0x00000000   Number         0  entry9a.o ABSOLUTE
    ../clib/microlib/init/entry.s            0x00000000   Number         0  entry8b.o ABSOLUTE
    ../clib/microlib/init/entry.s            0x00000000   Number         0  entry2.o ABSOLUTE
    ../clib/microlib/init/entry.s            0x00000000   Number         0  entry7b.o ABSOLUTE
    ../clib/microlib/init/entry.s            0x00000000   Number         0  entry7a.o ABSOLUTE
    ../clib/microlib/init/entry.s            0x00000000   Number         0  entry11a.o ABSOLUTE
    ../clib/microlib/longlong.c              0x00000000   Number         0  llshl.o ABSOLUTE
    ../clib/microlib/longlong.c              0x00000000   Number         0  llushr.o ABSOLUTE
    ../clib/microlib/longlong.c              0x00000000   Number         0  llsshr.o ABSOLUTE
    ../clib/microlib/printf/printf.c         0x00000000   Number         0  printfa.o ABSOLUTE
    ../clib/microlib/printf/printf.c         0x00000000   Number         0  printf5.o ABSOLUTE
    ../clib/microlib/printf/printf.c         0x00000000   Number         0  printf3.o ABSOLUTE
    ../clib/microlib/printf/printf.c         0x00000000   Number         0  printf6.o ABSOLUTE
    ../clib/microlib/printf/printf.c         0x00000000   Number         0  printf8.o ABSOLUTE
    ../clib/microlib/printf/printf.c         0x00000000   Number         0  printf7.o ABSOLUTE
    ../clib/microlib/printf/printf.c         0x00000000   Number         0  printf4.o ABSOLUTE
    ../clib/microlib/printf/printf.c         0x00000000   Number         0  printf2.o ABSOLUTE
    ../clib/microlib/printf/printf.c         0x00000000   Number         0  printf1.o ABSOLUTE
    ../clib/microlib/printf/printf.c         0x00000000   Number         0  printf0.o ABSOLUTE
    ../clib/microlib/printf/printf.c         0x00000000   Number         0  printfb.o ABSOLUTE
    ../clib/microlib/stdio/streams.c         0x00000000   Number         0  stdout.o ABSOLUTE
    ../clib/microlib/stubs.s                 0x00000000   Number         0  iusefp.o ABSOLUTE
    ../fplib/microlib/fpadd.c                0x00000000   Number         0  dadd.o ABSOLUTE
    ../fplib/microlib/fpdiv.c                0x00000000   Number         0  ddiv.o ABSOLUTE
    ../fplib/microlib/fpepilogue.c           0x00000000   Number         0  depilogue.o ABSOLUTE
    ../fplib/microlib/fpfix.c                0x00000000   Number         0  dfixul.o ABSOLUTE
    ../fplib/microlib/fpflt.c                0x00000000   Number         0  dflti.o ABSOLUTE
    ../fplib/microlib/fpmul.c                0x00000000   Number         0  dmul.o ABSOLUTE
    C:\Keil_v5\ARM\PACK\Keil\STM32F1xx_DFP\2.1.0\Device\StdPeriph_Driver\src\misc.c 0x00000000   Number         0  misc.o ABSOLUTE
    C:\Keil_v5\ARM\PACK\Keil\STM32F1xx_DFP\2.1.0\Device\StdPeriph_Driver\src\stm32f10x_adc.c 0x00000000   Number         0  stm32f10x_adc.o ABSOLUTE
    C:\Keil_v5\ARM\PACK\Keil\STM32F1xx_DFP\2.1.0\Device\StdPeriph_Driver\src\stm32f10x_dma.c 0x00000000   Number         0  stm32f10x_dma.o ABSOLUTE
    C:\Keil_v5\ARM\PACK\Keil\STM32F1xx_DFP\2.1.0\Device\StdPeriph_Driver\src\stm32f10x_exti.c 0x00000000   Number         0  stm32f10x_exti.o ABSOLUTE
    C:\Keil_v5\ARM\PACK\Keil\STM32F1xx_DFP\2.1.0\Device\StdPeriph_Driver\src\stm32f10x_gpio.c 0x00000000   Number         0  stm32f10x_gpio.o ABSOLUTE
    C:\Keil_v5\ARM\PACK\Keil\STM32F1xx_DFP\2.1.0\Device\StdPeriph_Driver\src\stm32f10x_rcc.c 0x00000000   Number         0  stm32f10x_rcc.o ABSOLUTE
    C:\Keil_v5\ARM\PACK\Keil\STM32F1xx_DFP\2.1.0\Device\StdPeriph_Driver\src\stm32f10x_spi.c 0x00000000   Number         0  stm32f10x_spi.o ABSOLUTE
    C:\Keil_v5\ARM\PACK\Keil\STM32F1xx_DFP\2.1.0\Device\StdPeriph_Driver\src\stm32f10x_tim.c 0x00000000   Number         0  stm32f10x_tim.o ABSOLUTE
    C:\Keil_v5\ARM\PACK\Keil\STM32F1xx_DFP\2.1.0\Device\StdPeriph_Driver\src\stm32f10x_usart.c 0x00000000   Number         0  stm32f10x_usart.o ABSOLUTE
    C:\\Keil_v5\\ARM\\PACK\\Keil\\STM32F1xx_DFP\\2.1.0\\Device\\StdPeriph_Driver\\src\\misc.c 0x00000000   Number         0  misc.o ABSOLUTE
    C:\\Keil_v5\\ARM\\PACK\\Keil\\STM32F1xx_DFP\\2.1.0\\Device\\StdPeriph_Driver\\src\\stm32f10x_adc.c 0x00000000   Number         0  stm32f10x_adc.o ABSOLUTE
    C:\\Keil_v5\\ARM\\PACK\\Keil\\STM32F1xx_DFP\\2.1.0\\Device\\StdPeriph_Driver\\src\\stm32f10x_dma.c 0x00000000   Number         0  stm32f10x_dma.o ABSOLUTE
    C:\\Keil_v5\\ARM\\PACK\\Keil\\STM32F1xx_DFP\\2.1.0\\Device\\StdPeriph_Driver\\src\\stm32f10x_exti.c 0x00000000   Number         0  stm32f10x_exti.o ABSOLUTE
    C:\\Keil_v5\\ARM\\PACK\\Keil\\STM32F1xx_DFP\\2.1.0\\Device\\StdPeriph_Driver\\src\\stm32f10x_gpio.c 0x00000000   Number         0  stm32f10x_gpio.o ABSOLUTE
    C:\\Keil_v5\\ARM\\PACK\\Keil\\STM32F1xx_DFP\\2.1.0\\Device\\StdPeriph_Driver\\src\\stm32f10x_rcc.c 0x00000000   Number         0  stm32f10x_rcc.o ABSOLUTE
    C:\\Keil_v5\\ARM\\PACK\\Keil\\STM32F1xx_DFP\\2.1.0\\Device\\StdPeriph_Driver\\src\\stm32f10x_spi.c 0x00000000   Number         0  stm32f10x_spi.o ABSOLUTE
    C:\\Keil_v5\\ARM\\PACK\\Keil\\STM32F1xx_DFP\\2.1.0\\Device\\StdPeriph_Driver\\src\\stm32f10x_tim.c 0x00000000   Number         0  stm32f10x_tim.o ABSOLUTE
    C:\\Keil_v5\\ARM\\PACK\\Keil\\STM32F1xx_DFP\\2.1.0\\Device\\StdPeriph_Driver\\src\\stm32f10x_usart.c 0x00000000   Number         0  stm32f10x_usart.o ABSOLUTE
    RTE\Device\STM32F103C8\startup_stm32f10x_md.s 0x00000000   Number         0  startup_stm32f10x_md.o ABSOLUTE
    RTE\Device\STM32F103C8\system_stm32f10x.c 0x00000000   Number         0  system_stm32f10x.o ABSOLUTE
    RTE\\Device\\STM32F103C8\\system_stm32f10x.c 0x00000000   Number         0  system_stm32f10x.o ABSOLUTE
    cdrcmple.s                               0x00000000   Number         0  cdrcmple.o ABSOLUTE
    dc.s                                     0x00000000   Number         0  dc.o ABSOLUTE
    handlers.s                               0x00000000   Number         0  handlers.o ABSOLUTE
    init.s                                   0x00000000   Number         0  init.o ABSOLUTE
    user\\adc_dma.c                          0x00000000   Number         0  adc_dma.o ABSOLUTE
    user\\button.c                           0x00000000   Number         0  button.o ABSOLUTE
    user\\deal_datapacket.c                  0x00000000   Number         0  deal_datapacket.o ABSOLUTE
    user\\led.c                              0x00000000   Number         0  led.o ABSOLUTE
    user\\main.c                             0x00000000   Number         0  main.o ABSOLUTE
    user\\nRF.c                              0x00000000   Number         0  nrf.o ABSOLUTE
    user\\nvic.c                             0x00000000   Number         0  nvic.o ABSOLUTE
    user\\senddata.c                         0x00000000   Number         0  senddata.o ABSOLUTE
    user\\spi.c                              0x00000000   Number         0  spi.o ABSOLUTE
    user\\systick.c                          0x00000000   Number         0  systick.o ABSOLUTE
    user\\tim_octigr.c                       0x00000000   Number         0  tim_octigr.o ABSOLUTE
    user\\usart.c                            0x00000000   Number         0  usart.o ABSOLUTE
    user\adc_dma.c                           0x00000000   Number         0  adc_dma.o ABSOLUTE
    user\button.c                            0x00000000   Number         0  button.o ABSOLUTE
    user\deal_datapacket.c                   0x00000000   Number         0  deal_datapacket.o ABSOLUTE
    user\led.c                               0x00000000   Number         0  led.o ABSOLUTE
    user\main.c                              0x00000000   Number         0  main.o ABSOLUTE
    user\nRF.c                               0x00000000   Number         0  nrf.o ABSOLUTE
    user\nvic.c                              0x00000000   Number         0  nvic.o ABSOLUTE
    user\senddata.c                          0x00000000   Number         0  senddata.o ABSOLUTE
    user\spi.c                               0x00000000   Number         0  spi.o ABSOLUTE
    user\systick.c                           0x00000000   Number         0  systick.o ABSOLUTE
    user\tim_octigr.c                        0x00000000   Number         0  tim_octigr.o ABSOLUTE
    user\usart.c                             0x00000000   Number         0  usart.o ABSOLUTE
    RESET                                    0x08000000   Section      236  startup_stm32f10x_md.o(RESET)
    .ARM.Collect$$$$00000000                 0x080000ec   Section        0  entry.o(.ARM.Collect$$$$00000000)
    .ARM.Collect$$$$00000001                 0x080000ec   Section        4  entry2.o(.ARM.Collect$$$$00000001)
    .ARM.Collect$$$$00000004                 0x080000f0   Section        4  entry5.o(.ARM.Collect$$$$00000004)
    .ARM.Collect$$$$00000008                 0x080000f4   Section        0  entry7b.o(.ARM.Collect$$$$00000008)
    .ARM.Collect$$$$0000000A                 0x080000f4   Section        0  entry8b.o(.ARM.Collect$$$$0000000A)
    .ARM.Collect$$$$0000000B                 0x080000f4   Section        8  entry9a.o(.ARM.Collect$$$$0000000B)
    .ARM.Collect$$$$0000000D                 0x080000fc   Section        0  entry10a.o(.ARM.Collect$$$$0000000D)
    .ARM.Collect$$$$0000000F                 0x080000fc   Section        0  entry11a.o(.ARM.Collect$$$$0000000F)
    .ARM.Collect$$$$00002712                 0x080000fc   Section        4  entry2.o(.ARM.Collect$$$$00002712)
    __lit__00000000                          0x080000fc   Data           4  entry2.o(.ARM.Collect$$$$00002712)
    .text                                    0x08000100   Section       36  startup_stm32f10x_md.o(.text)
    .text                                    0x08000124   Section        0  dflti.o(.text)
    .text                                    0x08000148   Section       48  cdrcmple.o(.text)
    .text                                    0x08000178   Section        0  iusefp.o(.text)
    .text                                    0x08000178   Section        0  depilogue.o(.text)
    .text                                    0x08000234   Section       36  init.o(.text)
    .text                                    0x08000258   Section        0  llshl.o(.text)
    .text                                    0x08000276   Section        0  llushr.o(.text)
    i.ADC_Cmd                                0x08000296   Section        0  stm32f10x_adc.o(i.ADC_Cmd)
    i.ADC_DMACmd                             0x080002ac   Section        0  stm32f10x_adc.o(i.ADC_DMACmd)
    i.ADC_DmaConfig                          0x080002c4   Section        0  adc_dma.o(i.ADC_DmaConfig)
    i.ADC_ExternalTrigConvCmd                0x08000410   Section        0  stm32f10x_adc.o(i.ADC_ExternalTrigConvCmd)
    i.ADC_GetCalibrationStatus               0x08000426   Section        0  stm32f10x_adc.o(i.ADC_GetCalibrationStatus)
    i.ADC_Init                               0x0800043c   Section        0  stm32f10x_adc.o(i.ADC_Init)
    i.ADC_RegularChannelConfig               0x0800048c   Section        0  stm32f10x_adc.o(i.ADC_RegularChannelConfig)
    i.ADC_ResetCalibration                   0x08000544   Section        0  stm32f10x_adc.o(i.ADC_ResetCalibration)
    i.ADC_StartCalibration                   0x0800054e   Section        0  stm32f10x_adc.o(i.ADC_StartCalibration)
    i.BUTTON_Config                          0x08000558   Section        0  button.o(i.BUTTON_Config)
    i.DMA1_Channel1_IRQHandler               0x08000618   Section        0  senddata.o(i.DMA1_Channel1_IRQHandler)
    i.DMA_ClearITPendingBit                  0x0800063c   Section        0  stm32f10x_dma.o(i.DMA_ClearITPendingBit)
    i.DMA_Cmd                                0x08000658   Section        0  stm32f10x_dma.o(i.DMA_Cmd)
    i.DMA_GetITStatus                        0x08000670   Section        0  stm32f10x_dma.o(i.DMA_GetITStatus)
    i.DMA_ITConfig                           0x0800069c   Section        0  stm32f10x_dma.o(i.DMA_ITConfig)
    i.DMA_Init                               0x080006ae   Section        0  stm32f10x_dma.o(i.DMA_Init)
    i.EXTI15_10_IRQHandler                   0x080006ec   Section        0  senddata.o(i.EXTI15_10_IRQHandler)
    i.EXTI1_IRQHandler                       0x08000864   Section        0  nrf.o(i.EXTI1_IRQHandler)
    i.EXTI_ClearITPendingBit                 0x080008f4   Section        0  stm32f10x_exti.o(i.EXTI_ClearITPendingBit)
    i.EXTI_GetITStatus                       0x08000900   Section        0  stm32f10x_exti.o(i.EXTI_GetITStatus)
    i.EXTI_Init                              0x08000928   Section        0  stm32f10x_exti.o(i.EXTI_Init)
    i.GPIO_EXTILineConfig                    0x080009bc   Section        0  stm32f10x_gpio.o(i.GPIO_EXTILineConfig)
    i.GPIO_Init                              0x080009fc   Section        0  stm32f10x_gpio.o(i.GPIO_Init)
    i.GPIO_ResetBits                         0x08000b12   Section        0  stm32f10x_gpio.o(i.GPIO_ResetBits)
    i.GPIO_SetBits                           0x08000b16   Section        0  stm32f10x_gpio.o(i.GPIO_SetBits)
    i.LED_Config                             0x08000b1c   Section        0  led.o(i.LED_Config)
    i.LED_Off                                0x08000b50   Section        0  led.o(i.LED_Off)
    i.LED_On                                 0x08000b64   Section        0  led.o(i.LED_On)
    i.LED_Toggle                             0x08000b78   Section        0  led.o(i.LED_Toggle)
    i.NRF_Config                             0x08000b88   Section        0  nrf.o(i.NRF_Config)
    i.NRF_ReceivePacket                      0x08000c84   Section        0  nrf.o(i.NRF_ReceivePacket)
    i.NRF_SendPacket                         0x08000cc4   Section        0  nrf.o(i.NRF_SendPacket)
    i.NVIC_Config                            0x08000d0c   Section        0  nvic.o(i.NVIC_Config)
    i.NVIC_EncodePriority                    0x08000d62   Section        0  nvic.o(i.NVIC_EncodePriority)
    NVIC_EncodePriority                      0x08000d63   Thumb Code    64  nvic.o(i.NVIC_EncodePriority)
    i.NVIC_SetPriority                       0x08000da4   Section        0  nvic.o(i.NVIC_SetPriority)
    NVIC_SetPriority                         0x08000da5   Thumb Code    32  nvic.o(i.NVIC_SetPriority)
    i.PackData                               0x08000dcc   Section        0  deal_datapacket.o(i.PackData)
    i.RCC_ADCCLKConfig                       0x08000f24   Section        0  stm32f10x_rcc.o(i.RCC_ADCCLKConfig)
    i.RCC_AHBPeriphClockCmd                  0x08000f3c   Section        0  stm32f10x_rcc.o(i.RCC_AHBPeriphClockCmd)
    i.RCC_APB1PeriphClockCmd                 0x08000f5c   Section        0  stm32f10x_rcc.o(i.RCC_APB1PeriphClockCmd)
    i.RCC_APB2PeriphClockCmd                 0x08000f7c   Section        0  stm32f10x_rcc.o(i.RCC_APB2PeriphClockCmd)
    i.RCC_GetClocksFreq                      0x08000f9c   Section        0  stm32f10x_rcc.o(i.RCC_GetClocksFreq)
    i.RX_Mode                                0x08001070   Section        0  nrf.o(i.RX_Mode)
    i.SPI_Cmd                                0x080010ac   Section        0  stm32f10x_spi.o(i.SPI_Cmd)
    i.SPI_Config                             0x080010c4   Section        0  spi.o(i.SPI_Config)
    i.SPI_I2S_GetFlagStatus                  0x0800115c   Section        0  stm32f10x_spi.o(i.SPI_I2S_GetFlagStatus)
    i.SPI_I2S_ReceiveData                    0x0800116e   Section        0  stm32f10x_spi.o(i.SPI_I2S_ReceiveData)
    i.SPI_I2S_SendData                       0x08001174   Section        0  stm32f10x_spi.o(i.SPI_I2S_SendData)
    i.SPI_Init                               0x08001178   Section        0  stm32f10x_spi.o(i.SPI_Init)
    i.SPI_RW                                 0x080011b4   Section        0  spi.o(i.SPI_RW)
    i.SPI_Read_Buf                           0x080011ec   Section        0  spi.o(i.SPI_Read_Buf)
    i.SPI_Read_Byte                          0x0800123c   Section        0  spi.o(i.SPI_Read_Byte)
    i.SPI_Write_Buf                          0x08001274   Section        0  spi.o(i.SPI_Write_Buf)
    i.SPI_Write_Byte                         0x080012c4   Section        0  spi.o(i.SPI_Write_Byte)
    i.SetSysClock                            0x08001304   Section        0  system_stm32f10x.o(i.SetSysClock)
    SetSysClock                              0x08001305   Thumb Code     8  system_stm32f10x.o(i.SetSysClock)
    i.SetSysClockTo72                        0x0800130c   Section        0  system_stm32f10x.o(i.SetSysClockTo72)
    SetSysClockTo72                          0x0800130d   Thumb Code   214  system_stm32f10x.o(i.SetSysClockTo72)
    i.SysTick_Handler                        0x080013ec   Section        0  systick.o(i.SysTick_Handler)
    i.SysTick_Init                           0x08001404   Section        0  systick.o(i.SysTick_Init)
    i.SystemInit                             0x08001434   Section        0  system_stm32f10x.o(i.SystemInit)
    i.TIM_ARRPreloadConfig                   0x08001494   Section        0  stm32f10x_tim.o(i.TIM_ARRPreloadConfig)
    i.TIM_Cmd                                0x080014ac   Section        0  stm32f10x_tim.o(i.TIM_Cmd)
    i.TIM_OC4Init                            0x080014c4   Section        0  stm32f10x_tim.o(i.TIM_OC4Init)
    i.TIM_OC4PreloadConfig                   0x08001540   Section        0  stm32f10x_tim.o(i.TIM_OC4PreloadConfig)
    i.TIM_OCTigrConfig                       0x0800155c   Section        0  tim_octigr.o(i.TIM_OCTigrConfig)
    i.TIM_TimeBaseInit                       0x080015cc   Section        0  stm32f10x_tim.o(i.TIM_TimeBaseInit)
    i.USART_Cmd                              0x08001670   Section        0  stm32f10x_usart.o(i.USART_Cmd)
    i.USART_Config                           0x08001688   Section        0  usart.o(i.USART_Config)
    i.USART_GetFlagStatus                    0x0800170c   Section        0  stm32f10x_usart.o(i.USART_GetFlagStatus)
    i.USART_Init                             0x08001728   Section        0  stm32f10x_usart.o(i.USART_Init)
    i.USART_SendData                         0x08001800   Section        0  stm32f10x_usart.o(i.USART_SendData)
    i.__0printf$bare                         0x08001808   Section        0  printfb.o(i.__0printf$bare)
    i.__scatterload_copy                     0x08001818   Section       14  handlers.o(i.__scatterload_copy)
    i.__scatterload_null                     0x08001826   Section        2  handlers.o(i.__scatterload_null)
    i.__scatterload_zeroinit                 0x08001828   Section       14  handlers.o(i.__scatterload_zeroinit)
    i._printf_core                           0x08001836   Section        0  printfb.o(i._printf_core)
    _printf_core                             0x08001837   Thumb Code    34  printfb.o(i._printf_core)
    i.delay_ms                               0x08001858   Section        0  systick.o(i.delay_ms)
    i.delay_us                               0x0800189c   Section        0  systick.o(i.delay_us)
    i.fputc                                  0x080018d8   Section        0  usart.o(i.fputc)
    i.main                                   0x080018fc   Section        0  main.o(i.main)
    .data                                    0x20000000   Section        4  systick.o(.data)
    .data                                    0x20000004   Section        8  adc_dma.o(.data)
    .data                                    0x2000000c   Section        1  button.o(.data)
    .data                                    0x2000000d   Section        1  spi.o(.data)
    .data                                    0x2000000e   Section       11  nrf.o(.data)
    .data                                    0x2000001a   Section        4  deal_datapacket.o(.data)
    .data                                    0x2000001e   Section       20  stm32f10x_rcc.o(.data)
    APBAHBPrescTable                         0x2000001e   Data          16  stm32f10x_rcc.o(.data)
    ADCPrescTable                            0x2000002e   Data           4  stm32f10x_rcc.o(.data)
    .data                                    0x20000034   Section       20  system_stm32f10x.o(.data)
    .data                                    0x20000048   Section        4  stdout.o(.data)
    .bss                                     0x2000004c   Section       11  nrf.o(.bss)
    .bss                                     0x20000057   Section       12  deal_datapacket.o(.bss)
    STACK                                    0x20000068   Section     1024  startup_stm32f10x_md.o(STACK)

    Global Symbols

    Symbol Name                              Value     Ov Type        Size  Object(Section)

    BuildAttributes$$THM_ISAv4$P$D$K$B$S$PE$A:L22UL41UL21$X:L11$S22US41US21$IEEE1$IW$USESV6$~STKCKD$USESV7$~SHL$OSPACE$ROPI$EBA8$MICROLIB$REQ8$PRES8$EABIv2 0x00000000   Number         0  anon$$obj.o ABSOLUTE
    __ARM_use_no_argv                        0x00000000   Number         0  main.o ABSOLUTE
    __cpp_initialize__aeabi_                  - Undefined Weak Reference
    __cxa_finalize                            - Undefined Weak Reference
    __decompress                              - Undefined Weak Reference
    _clock_init                               - Undefined Weak Reference
    _microlib_exit                            - Undefined Weak Reference
    __Vectors_Size                           0x000000ec   Number         0  startup_stm32f10x_md.o ABSOLUTE
    __Vectors                                0x08000000   Data           4  startup_stm32f10x_md.o(RESET)
    __Vectors_End                            0x080000ec   Data           0  startup_stm32f10x_md.o(RESET)
    __main                                   0x080000ed   Thumb Code     0  entry.o(.ARM.Collect$$$$00000000)
    _main_stk                                0x080000ed   Thumb Code     0  entry2.o(.ARM.Collect$$$$00000001)
    _main_scatterload                        0x080000f1   Thumb Code     0  entry5.o(.ARM.Collect$$$$00000004)
    __main_after_scatterload                 0x080000f5   Thumb Code     0  entry5.o(.ARM.Collect$$$$00000004)
    _main_clock                              0x080000f5   Thumb Code     0  entry7b.o(.ARM.Collect$$$$00000008)
    _main_cpp_init                           0x080000f5   Thumb Code     0  entry8b.o(.ARM.Collect$$$$0000000A)
    _main_init                               0x080000f5   Thumb Code     0  entry9a.o(.ARM.Collect$$$$0000000B)
    __rt_final_cpp                           0x080000fd   Thumb Code     0  entry10a.o(.ARM.Collect$$$$0000000D)
    __rt_final_exit                          0x080000fd   Thumb Code     0  entry11a.o(.ARM.Collect$$$$0000000F)
    Reset_Handler                            0x08000101   Thumb Code     8  startup_stm32f10x_md.o(.text)
    NMI_Handler                              0x08000109   Thumb Code     2  startup_stm32f10x_md.o(.text)
    HardFault_Handler                        0x0800010b   Thumb Code     2  startup_stm32f10x_md.o(.text)
    MemManage_Handler                        0x0800010d   Thumb Code     2  startup_stm32f10x_md.o(.text)
    BusFault_Handler                         0x0800010f   Thumb Code     2  startup_stm32f10x_md.o(.text)
    UsageFault_Handler                       0x08000111   Thumb Code     2  startup_stm32f10x_md.o(.text)
    SVC_Handler                              0x08000113   Thumb Code     2  startup_stm32f10x_md.o(.text)
    DebugMon_Handler                         0x08000115   Thumb Code     2  startup_stm32f10x_md.o(.text)
    PendSV_Handler                           0x08000117   Thumb Code     2  startup_stm32f10x_md.o(.text)
    ADC1_2_IRQHandler                        0x0800011b   Thumb Code     0  startup_stm32f10x_md.o(.text)
    CAN1_RX1_IRQHandler                      0x0800011b   Thumb Code     0  startup_stm32f10x_md.o(.text)
    CAN1_SCE_IRQHandler                      0x0800011b   Thumb Code     0  startup_stm32f10x_md.o(.text)
    DMA1_Channel2_IRQHandler                 0x0800011b   Thumb Code     0  startup_stm32f10x_md.o(.text)
    DMA1_Channel3_IRQHandler                 0x0800011b   Thumb Code     0  startup_stm32f10x_md.o(.text)
    DMA1_Channel4_IRQHandler                 0x0800011b   Thumb Code     0  startup_stm32f10x_md.o(.text)
    DMA1_Channel5_IRQHandler                 0x0800011b   Thumb Code     0  startup_stm32f10x_md.o(.text)
    DMA1_Channel6_IRQHandler                 0x0800011b   Thumb Code     0  startup_stm32f10x_md.o(.text)
    DMA1_Channel7_IRQHandler                 0x0800011b   Thumb Code     0  startup_stm32f10x_md.o(.text)
    EXTI0_IRQHandler                         0x0800011b   Thumb Code     0  startup_stm32f10x_md.o(.text)
    EXTI2_IRQHandler                         0x0800011b   Thumb Code     0  startup_stm32f10x_md.o(.text)
    EXTI3_IRQHandler                         0x0800011b   Thumb Code     0  startup_stm32f10x_md.o(.text)
    EXTI4_IRQHandler                         0x0800011b   Thumb Code     0  startup_stm32f10x_md.o(.text)
    EXTI9_5_IRQHandler                       0x0800011b   Thumb Code     0  startup_stm32f10x_md.o(.text)
    FLASH_IRQHandler                         0x0800011b   Thumb Code     0  startup_stm32f10x_md.o(.text)
    I2C1_ER_IRQHandler                       0x0800011b   Thumb Code     0  startup_stm32f10x_md.o(.text)
    I2C1_EV_IRQHandler                       0x0800011b   Thumb Code     0  startup_stm32f10x_md.o(.text)
    I2C2_ER_IRQHandler                       0x0800011b   Thumb Code     0  startup_stm32f10x_md.o(.text)
    I2C2_EV_IRQHandler                       0x0800011b   Thumb Code     0  startup_stm32f10x_md.o(.text)
    PVD_IRQHandler                           0x0800011b   Thumb Code     0  startup_stm32f10x_md.o(.text)
    RCC_IRQHandler                           0x0800011b   Thumb Code     0  startup_stm32f10x_md.o(.text)
    RTCAlarm_IRQHandler                      0x0800011b   Thumb Code     0  startup_stm32f10x_md.o(.text)
    RTC_IRQHandler                           0x0800011b   Thumb Code     0  startup_stm32f10x_md.o(.text)
    SPI1_IRQHandler                          0x0800011b   Thumb Code     0  startup_stm32f10x_md.o(.text)
    SPI2_IRQHandler                          0x0800011b   Thumb Code     0  startup_stm32f10x_md.o(.text)
    TAMPER_IRQHandler                        0x0800011b   Thumb Code     0  startup_stm32f10x_md.o(.text)
    TIM1_BRK_IRQHandler                      0x0800011b   Thumb Code     0  startup_stm32f10x_md.o(.text)
    TIM1_CC_IRQHandler                       0x0800011b   Thumb Code     0  startup_stm32f10x_md.o(.text)
    TIM1_TRG_COM_IRQHandler                  0x0800011b   Thumb Code     0  startup_stm32f10x_md.o(.text)
    TIM1_UP_IRQHandler                       0x0800011b   Thumb Code     0  startup_stm32f10x_md.o(.text)
    TIM2_IRQHandler                          0x0800011b   Thumb Code     0  startup_stm32f10x_md.o(.text)
    TIM3_IRQHandler                          0x0800011b   Thumb Code     0  startup_stm32f10x_md.o(.text)
    TIM4_IRQHandler                          0x0800011b   Thumb Code     0  startup_stm32f10x_md.o(.text)
    USART1_IRQHandler                        0x0800011b   Thumb Code     0  startup_stm32f10x_md.o(.text)
    USART2_IRQHandler                        0x0800011b   Thumb Code     0  startup_stm32f10x_md.o(.text)
    USART3_IRQHandler                        0x0800011b   Thumb Code     0  startup_stm32f10x_md.o(.text)
    USBWakeUp_IRQHandler                     0x0800011b   Thumb Code     0  startup_stm32f10x_md.o(.text)
    USB_HP_CAN1_TX_IRQHandler                0x0800011b   Thumb Code     0  startup_stm32f10x_md.o(.text)
    USB_LP_CAN1_RX0_IRQHandler               0x0800011b   Thumb Code     0  startup_stm32f10x_md.o(.text)
    WWDG_IRQHandler                          0x0800011b   Thumb Code     0  startup_stm32f10x_md.o(.text)
    __aeabi_i2d                              0x08000125   Thumb Code    34  dflti.o(.text)
    __aeabi_cdrcmple                         0x08000149   Thumb Code    48  cdrcmple.o(.text)
    __I$use$fp                               0x08000179   Thumb Code     0  iusefp.o(.text)
    _double_round                            0x08000179   Thumb Code    30  depilogue.o(.text)
    _double_epilogue                         0x08000197   Thumb Code   156  depilogue.o(.text)
    __scatterload                            0x08000235   Thumb Code    28  init.o(.text)
    __scatterload_rt2                        0x08000235   Thumb Code     0  init.o(.text)
    __aeabi_llsl                             0x08000259   Thumb Code    30  llshl.o(.text)
    _ll_shift_l                              0x08000259   Thumb Code     0  llshl.o(.text)
    __aeabi_llsr                             0x08000277   Thumb Code    32  llushr.o(.text)
    _ll_ushift_r                             0x08000277   Thumb Code     0  llushr.o(.text)
    ADC_Cmd                                  0x08000297   Thumb Code    22  stm32f10x_adc.o(i.ADC_Cmd)
    ADC_DMACmd                               0x080002ad   Thumb Code    22  stm32f10x_adc.o(i.ADC_DMACmd)
    ADC_DmaConfig                            0x080002c5   Thumb Code   316  adc_dma.o(i.ADC_DmaConfig)
    ADC_ExternalTrigConvCmd                  0x08000411   Thumb Code    22  stm32f10x_adc.o(i.ADC_ExternalTrigConvCmd)
    ADC_GetCalibrationStatus                 0x08000427   Thumb Code    20  stm32f10x_adc.o(i.ADC_GetCalibrationStatus)
    ADC_Init                                 0x0800043d   Thumb Code    70  stm32f10x_adc.o(i.ADC_Init)
    ADC_RegularChannelConfig                 0x0800048d   Thumb Code   184  stm32f10x_adc.o(i.ADC_RegularChannelConfig)
    ADC_ResetCalibration                     0x08000545   Thumb Code    10  stm32f10x_adc.o(i.ADC_ResetCalibration)
    ADC_StartCalibration                     0x0800054f   Thumb Code    10  stm32f10x_adc.o(i.ADC_StartCalibration)
    BUTTON_Config                            0x08000559   Thumb Code   188  button.o(i.BUTTON_Config)
    DMA1_Channel1_IRQHandler                 0x08000619   Thumb Code    30  senddata.o(i.DMA1_Channel1_IRQHandler)
    DMA_ClearITPendingBit                    0x0800063d   Thumb Code    18  stm32f10x_dma.o(i.DMA_ClearITPendingBit)
    DMA_Cmd                                  0x08000659   Thumb Code    24  stm32f10x_dma.o(i.DMA_Cmd)
    DMA_GetITStatus                          0x08000671   Thumb Code    36  stm32f10x_dma.o(i.DMA_GetITStatus)
    DMA_ITConfig                             0x0800069d   Thumb Code    18  stm32f10x_dma.o(i.DMA_ITConfig)
    DMA_Init                                 0x080006af   Thumb Code    60  stm32f10x_dma.o(i.DMA_Init)
    EXTI15_10_IRQHandler                     0x080006ed   Thumb Code   358  senddata.o(i.EXTI15_10_IRQHandler)
    EXTI1_IRQHandler                         0x08000865   Thumb Code   126  nrf.o(i.EXTI1_IRQHandler)
    EXTI_ClearITPendingBit                   0x080008f5   Thumb Code     6  stm32f10x_exti.o(i.EXTI_ClearITPendingBit)
    EXTI_GetITStatus                         0x08000901   Thumb Code    34  stm32f10x_exti.o(i.EXTI_GetITStatus)
    EXTI_Init                                0x08000929   Thumb Code   142  stm32f10x_exti.o(i.EXTI_Init)
    GPIO_EXTILineConfig                      0x080009bd   Thumb Code    60  stm32f10x_gpio.o(i.GPIO_EXTILineConfig)
    GPIO_Init                                0x080009fd   Thumb Code   278  stm32f10x_gpio.o(i.GPIO_Init)
    GPIO_ResetBits                           0x08000b13   Thumb Code     4  stm32f10x_gpio.o(i.GPIO_ResetBits)
    GPIO_SetBits                             0x08000b17   Thumb Code     4  stm32f10x_gpio.o(i.GPIO_SetBits)
    LED_Config                               0x08000b1d   Thumb Code    48  led.o(i.LED_Config)
    LED_Off                                  0x08000b51   Thumb Code    14  led.o(i.LED_Off)
    LED_On                                   0x08000b65   Thumb Code    14  led.o(i.LED_On)
    LED_Toggle                               0x08000b79   Thumb Code    12  led.o(i.LED_Toggle)
    NRF_Config                               0x08000b89   Thumb Code   236  nrf.o(i.NRF_Config)
    NRF_ReceivePacket                        0x08000c85   Thumb Code    54  nrf.o(i.NRF_ReceivePacket)
    NRF_SendPacket                           0x08000cc5   Thumb Code    66  nrf.o(i.NRF_SendPacket)
    NVIC_Config                              0x08000d0d   Thumb Code    86  nvic.o(i.NVIC_Config)
    PackData                                 0x08000dcd   Thumb Code   318  deal_datapacket.o(i.PackData)
    RCC_ADCCLKConfig                         0x08000f25   Thumb Code    18  stm32f10x_rcc.o(i.RCC_ADCCLKConfig)
    RCC_AHBPeriphClockCmd                    0x08000f3d   Thumb Code    26  stm32f10x_rcc.o(i.RCC_AHBPeriphClockCmd)
    RCC_APB1PeriphClockCmd                   0x08000f5d   Thumb Code    26  stm32f10x_rcc.o(i.RCC_APB1PeriphClockCmd)
    RCC_APB2PeriphClockCmd                   0x08000f7d   Thumb Code    26  stm32f10x_rcc.o(i.RCC_APB2PeriphClockCmd)
    RCC_GetClocksFreq                        0x08000f9d   Thumb Code   192  stm32f10x_rcc.o(i.RCC_GetClocksFreq)
    RX_Mode                                  0x08001071   Thumb Code    54  nrf.o(i.RX_Mode)
    SPI_Cmd                                  0x080010ad   Thumb Code    24  stm32f10x_spi.o(i.SPI_Cmd)
    SPI_Config                               0x080010c5   Thumb Code   144  spi.o(i.SPI_Config)
    SPI_I2S_GetFlagStatus                    0x0800115d   Thumb Code    18  stm32f10x_spi.o(i.SPI_I2S_GetFlagStatus)
    SPI_I2S_ReceiveData                      0x0800116f   Thumb Code     6  stm32f10x_spi.o(i.SPI_I2S_ReceiveData)
    SPI_I2S_SendData                         0x08001175   Thumb Code     4  stm32f10x_spi.o(i.SPI_I2S_SendData)
    SPI_Init                                 0x08001179   Thumb Code    60  stm32f10x_spi.o(i.SPI_Init)
    SPI_RW                                   0x080011b5   Thumb Code    50  spi.o(i.SPI_RW)
    SPI_Read_Buf                             0x080011ed   Thumb Code    72  spi.o(i.SPI_Read_Buf)
    SPI_Read_Byte                            0x0800123d   Thumb Code    50  spi.o(i.SPI_Read_Byte)
    SPI_Write_Buf                            0x08001275   Thumb Code    70  spi.o(i.SPI_Write_Buf)
    SPI_Write_Byte                           0x080012c5   Thumb Code    56  spi.o(i.SPI_Write_Byte)
    SysTick_Handler                          0x080013ed   Thumb Code    18  systick.o(i.SysTick_Handler)
    SysTick_Init                             0x08001405   Thumb Code    38  systick.o(i.SysTick_Init)
    SystemInit                               0x08001435   Thumb Code    78  system_stm32f10x.o(i.SystemInit)
    TIM_ARRPreloadConfig                     0x08001495   Thumb Code    24  stm32f10x_tim.o(i.TIM_ARRPreloadConfig)
    TIM_Cmd                                  0x080014ad   Thumb Code    24  stm32f10x_tim.o(i.TIM_Cmd)
    TIM_OC4Init                              0x080014c5   Thumb Code   114  stm32f10x_tim.o(i.TIM_OC4Init)
    TIM_OC4PreloadConfig                     0x08001541   Thumb Code    26  stm32f10x_tim.o(i.TIM_OC4PreloadConfig)
    TIM_OCTigrConfig                         0x0800155d   Thumb Code   106  tim_octigr.o(i.TIM_OCTigrConfig)
    TIM_TimeBaseInit                         0x080015cd   Thumb Code   122  stm32f10x_tim.o(i.TIM_TimeBaseInit)
    USART_Cmd                                0x08001671   Thumb Code    24  stm32f10x_usart.o(i.USART_Cmd)
    USART_Config                             0x08001689   Thumb Code   122  usart.o(i.USART_Config)
    USART_GetFlagStatus                      0x0800170d   Thumb Code    26  stm32f10x_usart.o(i.USART_GetFlagStatus)
    USART_Init                               0x08001729   Thumb Code   210  stm32f10x_usart.o(i.USART_Init)
    USART_SendData                           0x08001801   Thumb Code     8  stm32f10x_usart.o(i.USART_SendData)
    __0printf$bare                           0x08001809   Thumb Code     8  printfb.o(i.__0printf$bare)
    __1printf$bare                           0x08001809   Thumb Code     0  printfb.o(i.__0printf$bare)
    __2printf                                0x08001809   Thumb Code     0  printfb.o(i.__0printf$bare)
    __scatterload_copy                       0x08001819   Thumb Code    14  handlers.o(i.__scatterload_copy)
    __scatterload_null                       0x08001827   Thumb Code     2  handlers.o(i.__scatterload_null)
    __scatterload_zeroinit                   0x08001829   Thumb Code    14  handlers.o(i.__scatterload_zeroinit)
    delay_ms                                 0x08001859   Thumb Code    62  systick.o(i.delay_ms)
    delay_us                                 0x0800189d   Thumb Code    56  systick.o(i.delay_us)
    fputc                                    0x080018d9   Thumb Code    32  usart.o(i.fputc)
    main                                     0x080018fd   Thumb Code    42  main.o(i.main)
    Region$$Table$$Base                      0x0800193c   Number         0  anon$$obj.o(Region$$Table)
    Region$$Table$$Limit                     0x0800195c   Number         0  anon$$obj.o(Region$$Table)
    count                                    0x20000000   Data           4  systick.o(.data)
    ADC_ConvertedValue                       0x20000004   Data           8  adc_dma.o(.data)
    ButtonMask                               0x2000000c   Data           1  button.o(.data)
    status                                   0x2000000d   Data           1  spi.o(.data)
    TX_ADDRESS                               0x2000000e   Data           5  nrf.o(.data)
    RX_ADDRESS                               0x20000013   Data           5  nrf.o(.data)
    sta                                      0x20000018   Data           1  nrf.o(.data)
    dataPID                                  0x2000001a   Data           1  deal_datapacket.o(.data)
    accelerator                              0x2000001c   Data           2  deal_datapacket.o(.data)
    SystemCoreClock                          0x20000034   Data           4  system_stm32f10x.o(.data)
    AHBPrescTable                            0x20000038   Data          16  system_stm32f10x.o(.data)
    __stdout                                 0x20000048   Data           4  stdout.o(.data)
    RxBuf                                    0x2000004c   Data          11  nrf.o(.bss)
    packetData                               0x20000057   Data          12  deal_datapacket.o(.bss)
    __initial_sp                             0x20000468   Data           0  startup_stm32f10x_md.o(STACK)



==============================================================================

Memory Map of the image

  Image Entry point : 0x080000ed

  Load Region LR_IROM1 (Base: 0x08000000, Size: 0x000019a8, Max: 0x00010000, ABSOLUTE)

    Execution Region ER_IROM1 (Base: 0x08000000, Size: 0x0000195c, Max: 0x00010000, ABSOLUTE)

    Base Addr    Size         Type   Attr      Idx    E Section Name        Object

    0x08000000   0x000000ec   Data   RO         2214    RESET               startup_stm32f10x_md.o
    0x080000ec   0x00000000   Code   RO         2265  * .ARM.Collect$$$$00000000  mc_w.l(entry.o)
    0x080000ec   0x00000004   Code   RO         2532    .ARM.Collect$$$$00000001  mc_w.l(entry2.o)
    0x080000f0   0x00000004   Code   RO         2535    .ARM.Collect$$$$00000004  mc_w.l(entry5.o)
    0x080000f4   0x00000000   Code   RO         2537    .ARM.Collect$$$$00000008  mc_w.l(entry7b.o)
    0x080000f4   0x00000000   Code   RO         2539    .ARM.Collect$$$$0000000A  mc_w.l(entry8b.o)
    0x080000f4   0x00000008   Code   RO         2540    .ARM.Collect$$$$0000000B  mc_w.l(entry9a.o)
    0x080000fc   0x00000000   Code   RO         2542    .ARM.Collect$$$$0000000D  mc_w.l(entry10a.o)
    0x080000fc   0x00000000   Code   RO         2544    .ARM.Collect$$$$0000000F  mc_w.l(entry11a.o)
    0x080000fc   0x00000004   Code   RO         2533    .ARM.Collect$$$$00002712  mc_w.l(entry2.o)
    0x08000100   0x00000024   Code   RO         2215    .text               startup_stm32f10x_md.o
    0x08000124   0x00000022   Code   RO         2528    .text               mf_w.l(dflti.o)
    0x08000146   0x00000002   PAD
    0x08000148   0x00000030   Code   RO         2530    .text               mf_w.l(cdrcmple.o)
    0x08000178   0x00000000   Code   RO         2551    .text               mc_w.l(iusefp.o)
    0x08000178   0x000000ba   Code   RO         2552    .text               mf_w.l(depilogue.o)
    0x08000232   0x00000002   PAD
    0x08000234   0x00000024   Code   RO         2562    .text               mc_w.l(init.o)
    0x08000258   0x0000001e   Code   RO         2564    .text               mc_w.l(llshl.o)
    0x08000276   0x00000020   Code   RO         2566    .text               mc_w.l(llushr.o)
    0x08000296   0x00000016   Code   RO          591    i.ADC_Cmd           stm32f10x_adc.o
    0x080002ac   0x00000016   Code   RO          592    i.ADC_DMACmd        stm32f10x_adc.o
    0x080002c2   0x00000002   PAD
    0x080002c4   0x0000014c   Code   RO          303    i.ADC_DmaConfig     adc_dma.o
    0x08000410   0x00000016   Code   RO          596    i.ADC_ExternalTrigConvCmd  stm32f10x_adc.o
    0x08000426   0x00000014   Code   RO          599    i.ADC_GetCalibrationStatus  stm32f10x_adc.o
    0x0800043a   0x00000002   PAD
    0x0800043c   0x00000050   Code   RO          609    i.ADC_Init          stm32f10x_adc.o
    0x0800048c   0x000000b8   Code   RO          613    i.ADC_RegularChannelConfig  stm32f10x_adc.o
    0x08000544   0x0000000a   Code   RO          614    i.ADC_ResetCalibration  stm32f10x_adc.o
    0x0800054e   0x0000000a   Code   RO          618    i.ADC_StartCalibration  stm32f10x_adc.o
    0x08000558   0x000000c0   Code   RO          334    i.BUTTON_Config     button.o
    0x08000618   0x00000024   Code   RO          503    i.DMA1_Channel1_IRQHandler  senddata.o
    0x0800063c   0x0000001c   Code   RO          820    i.DMA_ClearITPendingBit  stm32f10x_dma.o
    0x08000658   0x00000018   Code   RO          821    i.DMA_Cmd           stm32f10x_dma.o
    0x08000670   0x0000002c   Code   RO          825    i.DMA_GetITStatus   stm32f10x_dma.o
    0x0800069c   0x00000012   Code   RO          826    i.DMA_ITConfig      stm32f10x_dma.o
    0x080006ae   0x0000003c   Code   RO          827    i.DMA_Init          stm32f10x_dma.o
    0x080006ea   0x00000002   PAD
    0x080006ec   0x00000178   Code   RO          504    i.EXTI15_10_IRQHandler  senddata.o
    0x08000864   0x00000090   Code   RO          418    i.EXTI1_IRQHandler  nrf.o
    0x080008f4   0x0000000c   Code   RO          904    i.EXTI_ClearITPendingBit  stm32f10x_exti.o
    0x08000900   0x00000028   Code   RO          908    i.EXTI_GetITStatus  stm32f10x_exti.o
    0x08000928   0x00000094   Code   RO          909    i.EXTI_Init         stm32f10x_exti.o
    0x080009bc   0x00000040   Code   RO          972    i.GPIO_EXTILineConfig  stm32f10x_gpio.o
    0x080009fc   0x00000116   Code   RO          975    i.GPIO_Init         stm32f10x_gpio.o
    0x08000b12   0x00000004   Code   RO          982    i.GPIO_ResetBits    stm32f10x_gpio.o
    0x08000b16   0x00000004   Code   RO          983    i.GPIO_SetBits      stm32f10x_gpio.o
    0x08000b1a   0x00000002   PAD
    0x08000b1c   0x00000034   Code   RO          201    i.LED_Config        led.o
    0x08000b50   0x00000014   Code   RO          203    i.LED_Off           led.o
    0x08000b64   0x00000014   Code   RO          204    i.LED_On            led.o
    0x08000b78   0x00000010   Code   RO          205    i.LED_Toggle        led.o
    0x08000b88   0x000000fc   Code   RO          419    i.NRF_Config        nrf.o
    0x08000c84   0x00000040   Code   RO          420    i.NRF_ReceivePacket  nrf.o
    0x08000cc4   0x00000048   Code   RO          421    i.NRF_SendPacket    nrf.o
    0x08000d0c   0x00000056   Code   RO          118    i.NVIC_Config       nvic.o
    0x08000d62   0x00000040   Code   RO          119    i.NVIC_EncodePriority  nvic.o
    0x08000da2   0x00000002   PAD
    0x08000da4   0x00000028   Code   RO          120    i.NVIC_SetPriority  nvic.o
    0x08000dcc   0x00000158   Code   RO          471    i.PackData          deal_datapacket.o
    0x08000f24   0x00000018   Code   RO         1095    i.RCC_ADCCLKConfig  stm32f10x_rcc.o
    0x08000f3c   0x00000020   Code   RO         1096    i.RCC_AHBPeriphClockCmd  stm32f10x_rcc.o
    0x08000f5c   0x00000020   Code   RO         1097    i.RCC_APB1PeriphClockCmd  stm32f10x_rcc.o
    0x08000f7c   0x00000020   Code   RO         1099    i.RCC_APB2PeriphClockCmd  stm32f10x_rcc.o
    0x08000f9c   0x000000d4   Code   RO         1107    i.RCC_GetClocksFreq  stm32f10x_rcc.o
    0x08001070   0x0000003c   Code   RO          422    i.RX_Mode           nrf.o
    0x080010ac   0x00000018   Code   RO         1312    i.SPI_Cmd           stm32f10x_spi.o
    0x080010c4   0x00000098   Code   RO          361    i.SPI_Config        spi.o
    0x0800115c   0x00000012   Code   RO         1320    i.SPI_I2S_GetFlagStatus  stm32f10x_spi.o
    0x0800116e   0x00000006   Code   RO         1323    i.SPI_I2S_ReceiveData  stm32f10x_spi.o
    0x08001174   0x00000004   Code   RO         1324    i.SPI_I2S_SendData  stm32f10x_spi.o
    0x08001178   0x0000003c   Code   RO         1325    i.SPI_Init          stm32f10x_spi.o
    0x080011b4   0x00000038   Code   RO          362    i.SPI_RW            spi.o
    0x080011ec   0x00000050   Code   RO          363    i.SPI_Read_Buf      spi.o
    0x0800123c   0x00000038   Code   RO          364    i.SPI_Read_Byte     spi.o
    0x08001274   0x00000050   Code   RO          365    i.SPI_Write_Buf     spi.o
    0x080012c4   0x00000040   Code   RO          366    i.SPI_Write_Byte    spi.o
    0x08001304   0x00000008   Code   RO         2222    i.SetSysClock       system_stm32f10x.o
    0x0800130c   0x000000e0   Code   RO         2223    i.SetSysClockTo72   system_stm32f10x.o
    0x080013ec   0x00000018   Code   RO          156    i.SysTick_Handler   systick.o
    0x08001404   0x00000030   Code   RO          157    i.SysTick_Init      systick.o
    0x08001434   0x00000060   Code   RO         2225    i.SystemInit        system_stm32f10x.o
    0x08001494   0x00000018   Code   RO         1467    i.TIM_ARRPreloadConfig  stm32f10x_tim.o
    0x080014ac   0x00000018   Code   RO         1479    i.TIM_Cmd           stm32f10x_tim.o
    0x080014c4   0x0000007c   Code   RO         1523    i.TIM_OC4Init       stm32f10x_tim.o
    0x08001540   0x0000001a   Code   RO         1525    i.TIM_OC4PreloadConfig  stm32f10x_tim.o
    0x0800155a   0x00000002   PAD
    0x0800155c   0x00000070   Code   RO          279    i.TIM_OCTigrConfig  tim_octigr.o
    0x080015cc   0x000000a4   Code   RO         1550    i.TIM_TimeBaseInit  stm32f10x_tim.o
    0x08001670   0x00000018   Code   RO         2027    i.USART_Cmd         stm32f10x_usart.o
    0x08001688   0x00000084   Code   RO          249    i.USART_Config      usart.o
    0x0800170c   0x0000001a   Code   RO         2030    i.USART_GetFlagStatus  stm32f10x_usart.o
    0x08001726   0x00000002   PAD
    0x08001728   0x000000d8   Code   RO         2034    i.USART_Init        stm32f10x_usart.o
    0x08001800   0x00000008   Code   RO         2044    i.USART_SendData    stm32f10x_usart.o
    0x08001808   0x00000010   Code   RO         2269    i.__0printf$bare    mc_w.l(printfb.o)
    0x08001818   0x0000000e   Code   RO         2572    i.__scatterload_copy  mc_w.l(handlers.o)
    0x08001826   0x00000002   Code   RO         2573    i.__scatterload_null  mc_w.l(handlers.o)
    0x08001828   0x0000000e   Code   RO         2574    i.__scatterload_zeroinit  mc_w.l(handlers.o)
    0x08001836   0x00000022   Code   RO         2276    i._printf_core      mc_w.l(printfb.o)
    0x08001858   0x00000044   Code   RO          158    i.delay_ms          systick.o
    0x0800189c   0x0000003c   Code   RO          159    i.delay_us          systick.o
    0x080018d8   0x00000024   Code   RO          250    i.fputc             usart.o
    0x080018fc   0x00000040   Code   RO            4    i.main              main.o
    0x0800193c   0x00000020   Data   RO         2570    Region$$Table       anon$$obj.o


    Execution Region RW_IRAM1 (Base: 0x20000000, Size: 0x00000468, Max: 0x00005000, ABSOLUTE)

    Base Addr    Size         Type   Attr      Idx    E Section Name        Object

    0x20000000   0x00000004   Data   RW          160    .data               systick.o
    0x20000004   0x00000008   Data   RW          304    .data               adc_dma.o
    0x2000000c   0x00000001   Data   RW          335    .data               button.o
    0x2000000d   0x00000001   Data   RW          367    .data               spi.o
    0x2000000e   0x0000000b   Data   RW          424    .data               nrf.o
    0x20000019   0x00000001   PAD
    0x2000001a   0x00000004   Data   RW          473    .data               deal_datapacket.o
    0x2000001e   0x00000014   Data   RW         1127    .data               stm32f10x_rcc.o
    0x20000032   0x00000002   PAD
    0x20000034   0x00000014   Data   RW         2226    .data               system_stm32f10x.o
    0x20000048   0x00000004   Data   RW         2546    .data               mc_w.l(stdout.o)
    0x2000004c   0x0000000b   Zero   RW          423    .bss                nrf.o
    0x20000057   0x0000000c   Zero   RW          472    .bss                deal_datapacket.o
    0x20000063   0x00000005   PAD
    0x20000068   0x00000400   Zero   RW         2212    STACK               startup_stm32f10x_md.o


==============================================================================

Image component sizes


      Code (inc. data)   RO Data    RW Data    ZI Data      Debug   Object Name

       332         16          0          8          0      23424   adc_dma.o
       192          4          0          1          0        897   button.o
       344         26          0          4         12       1312   deal_datapacket.o
       108         20          0          0          0       1753   led.o
        64         22          0          0          0     280335   main.o
       592         56          0         11         11       3954   nrf.o
       190          8          0          0          0       1674   nvic.o
       412         24          0          0          0       1098   senddata.o
       488         46          0          1          0       3859   spi.o
        36          8        236          0       1024        808   startup_stm32f10x_md.o
       370         10          0          0          0       7156   stm32f10x_adc.o
       174         18          0          0          0       4742   stm32f10x_dma.o
       200         18          0          0          0       2288   stm32f10x_exti.o
       350          4          0          0          0       3866   stm32f10x_gpio.o
       332         44          0         20          0       5793   stm32f10x_rcc.o
       112          0          0          0          0       4086   stm32f10x_spi.o
       362         52          0          0          0       3837   stm32f10x_tim.o
       274          6          0          0          0       4228   stm32f10x_usart.o
       328         28          0         20          0       2253   system_stm32f10x.o
       200         26          0          4          0       1907   systick.o
       112          6          0          0          0        615   tim_octigr.o
       168         14          0          0          0       1095   usart.o

    ----------------------------------------------------------------------
      5754        456        268         72       1052     360980   Object Totals
         0          0         32          0          0          0   (incl. Generated)
        14          0          0          3          5          0   (incl. Padding)

    ----------------------------------------------------------------------

      Code (inc. data)   RO Data    RW Data    ZI Data      Debug   Library Member Name

         0          0          0          0          0          0   entry.o
         0          0          0          0          0          0   entry10a.o
         0          0          0          0          0          0   entry11a.o
         8          4          0          0          0          0   entry2.o
         4          0          0          0          0          0   entry5.o
         0          0          0          0          0          0   entry7b.o
         0          0          0          0          0          0   entry8b.o
         8          4          0          0          0          0   entry9a.o
        30          0          0          0          0          0   handlers.o
        36          8          0          0          0         68   init.o
         0          0          0          0          0          0   iusefp.o
        30          0          0          0          0         68   llshl.o
        32          0          0          0          0         68   llushr.o
        50          8          0          0          0        152   printfb.o
         0          0          0          4          0          0   stdout.o
        48          0          0          0          0         68   cdrcmple.o
       186          0          0          0          0        176   depilogue.o
        34          0          0          0          0         76   dflti.o

    ----------------------------------------------------------------------
       470         24          0          4          0        676   Library Totals
         4          0          0          0          0          0   (incl. Padding)

    ----------------------------------------------------------------------

      Code (inc. data)   RO Data    RW Data    ZI Data      Debug   Library Name

       198         24          0          4          0        356   mc_w.l
       268          0          0          0          0        320   mf_w.l

    ----------------------------------------------------------------------
       470         24          0          4          0        676   Library Totals

    ----------------------------------------------------------------------

==============================================================================


      Code (inc. data)   RO Data    RW Data    ZI Data      Debug   

      6224        480        268         76       1052     357804   Grand Totals
      6224        480        268         76       1052     357804   ELF Image Totals
      6224        480        268         76          0          0   ROM Totals

==============================================================================

    Total RO  Size (Code + RO Data)                 6492 (   6.34kB)
    Total RW  Size (RW Data + ZI Data)              1128 (   1.10kB)
    Total ROM Size (Code + RO Data + RW Data)       6568 (   6.41kB)

==============================================================================

